<!DOCTYPE html>
<html lang="en">
<head>
<title>Benchmark System</title>

<!-- Latest compiled and minified CSS -->
<link rel="stylesheet" href="https://maxcdn.bootstrapcdn.com/bootstrap/3.3.6/css/bootstrap.min.css" integrity="sha384-1q8mTJOASx8j1Au+a5WDVnPi2lkFfwwEAa8hDDdjZlpLegxhjVME1fgjWPGmkzs7" crossorigin="anonymous">

<!-- Optional theme -->
<link rel="stylesheet" href="https://maxcdn.bootstrapcdn.com/bootstrap/3.3.6/css/bootstrap-theme.min.css" integrity="sha384-fLW2N01lMqjakBkx3l/M9EahuwpSfeNvV63J5ezn3uZzapT0u7EYsXMjQV+0En5r" crossorigin="anonymous">
<style type"text/css">body { padding-top: 70px; }a.anchor { margin-top:60px; top: -60px; position: relative; visibility: hidden;}.center { text-align:center; }td.header {text-align: center; backgroundcolor: "#CCFFFF" }td.rowheader {text-align: center; backgroundcolor: "#CCCFFF" }td.size {text-align: center; backgroundcolor: "#CCCFFF" }td.ksec {text-align: center; fontstyle: italic }</style>
</head>
<body>
<nav class="navbar navbar-default navbar-fixed-top">
<div class="container-fluid">
<div class="navbar-header">
<a class="navbar-brand" href="../index.html">
back to Index
</a>
</div>
<div class="collapse navbar-collapse">
<ul class="nav navbar-nav">
<li><a href="#system_dmesg">Dmesg</a></li>
<li><a href="#system_cpu_info">CPU Info</a></li>
<li><a href="#system_lspci">lspci</a></li>
</ul>
</div>
</div>
</nav>
<div class="container">
<div class="row">
<div class="col-md-10">
<h1>System</h1>
<a class="anchor" aria-hidden="true" id="system_dmesg"></a> <h2><small><a href="#system_dmesg">#</a></small>dmesg</h2>
<p class="cmd">
<kbd>dmesg</kbd>
<br />
<samp><pre>[    0.000000] Initializing cgroup subsys cpuset
[    0.000000] Initializing cgroup subsys cpu
[    0.000000] Initializing cgroup subsys cpuacct
[    0.000000] Linux version 3.16.0-55-generic (buildd@lgw01-42) (gcc version 4.8.2 (Ubuntu 4.8.2-19ubuntu1) ) #74~14.04.1-Ubuntu SMP Tue Nov 17 10:15:59 UTC 2015 (Ubuntu 3.16.0-55.74~14.04.1-generic 3.16.7-ckt19)
[    0.000000] Command line: BOOT_IMAGE=/vmlinuz-3.16.0-55-generic root=/dev/mapper/dl380--vg-root ro
[    0.000000] KERNEL supported cpus:
[    0.000000]   Intel GenuineIntel
[    0.000000]   AMD AuthenticAMD
[    0.000000]   Centaur CentaurHauls
[    0.000000] e820: BIOS-provided physical RAM map:
[    0.000000] BIOS-e820: [mem 0x0000000000000000-0x000000000009f3ff] usable
[    0.000000] BIOS-e820: [mem 0x000000000009f400-0x000000000009ffff] reserved
[    0.000000] BIOS-e820: [mem 0x00000000000f0000-0x00000000000fffff] reserved
[    0.000000] BIOS-e820: [mem 0x0000000000100000-0x00000000df61efff] usable
[    0.000000] BIOS-e820: [mem 0x00000000df61f000-0x00000000df62bfff] ACPI data
[    0.000000] BIOS-e820: [mem 0x00000000df62c000-0x00000000df62cfff] usable
[    0.000000] BIOS-e820: [mem 0x00000000df62d000-0x00000000e3ffffff] reserved
[    0.000000] BIOS-e820: [mem 0x00000000fec00000-0x00000000fee0ffff] reserved
[    0.000000] BIOS-e820: [mem 0x00000000ff800000-0x00000000ffffffff] reserved
[    0.000000] BIOS-e820: [mem 0x0000000100000000-0x000000021fffefff] usable
[    0.000000] NX (Execute Disable) protection: active
[    0.000000] SMBIOS 2.7 present.
[    0.000000] DMI: HP ProLiant DL380 G6, BIOS P62 05/05/2011
[    0.000000] e820: update [mem 0x00000000-0x00000fff] usable ==> reserved
[    0.000000] e820: remove [mem 0x000a0000-0x000fffff] usable
[    0.000000] AGP: No AGP bridge found
[    0.000000] e820: last_pfn = 0x21ffff max_arch_pfn = 0x400000000
[    0.000000] MTRR default type: write-back
[    0.000000] MTRR fixed ranges enabled:
[    0.000000]   00000-9FFFF write-back
[    0.000000]   A0000-BFFFF uncachable
[    0.000000]   C0000-FFFFF write-protect
[    0.000000] MTRR variable ranges enabled:
[    0.000000]   0 base 00E0000000 mask FFE0000000 uncachable
[    0.000000]   1 disabled
[    0.000000]   2 disabled
[    0.000000]   3 disabled
[    0.000000]   4 disabled
[    0.000000]   5 disabled
[    0.000000]   6 disabled
[    0.000000]   7 disabled
[    0.000000] x86 PAT enabled: cpu 0, old 0x7040600070406, new 0x7010600070106
[    0.000000] e820: last_pfn = 0xdf62d max_arch_pfn = 0x400000000
[    0.000000] found SMP MP-table at [mem 0x000f4f80-0x000f4f8f] mapped at [ffff8800000f4f80]
[    0.000000] Scanning 1 areas for low memory corruption
[    0.000000] Base memory trampoline at [ffff880000099000] 99000 size 24576
[    0.000000] init_memory_mapping: [mem 0x00000000-0x000fffff]
[    0.000000]  [mem 0x00000000-0x000fffff] page 4k
[    0.000000] BRK [0x01fbe000, 0x01fbefff] PGTABLE
[    0.000000] BRK [0x01fbf000, 0x01fbffff] PGTABLE
[    0.000000] BRK [0x01fc0000, 0x01fc0fff] PGTABLE
[    0.000000] init_memory_mapping: [mem 0x21fc00000-0x21fdfffff]
[    0.000000]  [mem 0x21fc00000-0x21fdfffff] page 2M
[    0.000000] BRK [0x01fc1000, 0x01fc1fff] PGTABLE
[    0.000000] init_memory_mapping: [mem 0x21c000000-0x21fbfffff]
[    0.000000]  [mem 0x21c000000-0x21fbfffff] page 2M
[    0.000000] init_memory_mapping: [mem 0x200000000-0x21bffffff]
[    0.000000]  [mem 0x200000000-0x21bffffff] page 2M
[    0.000000] init_memory_mapping: [mem 0x00100000-0xdf61efff]
[    0.000000]  [mem 0x00100000-0x001fffff] page 4k
[    0.000000]  [mem 0x00200000-0xdf5fffff] page 2M
[    0.000000]  [mem 0xdf600000-0xdf61efff] page 4k
[    0.000000] init_memory_mapping: [mem 0xdf62c000-0xdf62cfff]
[    0.000000]  [mem 0xdf62c000-0xdf62cfff] page 4k
[    0.000000] init_memory_mapping: [mem 0x100000000-0x1ffffffff]
[    0.000000]  [mem 0x100000000-0x1ffffffff] page 2M
[    0.000000] BRK [0x01fc2000, 0x01fc2fff] PGTABLE
[    0.000000] BRK [0x01fc3000, 0x01fc3fff] PGTABLE
[    0.000000] init_memory_mapping: [mem 0x21fe00000-0x21fffefff]
[    0.000000]  [mem 0x21fe00000-0x21fffefff] page 4k
[    0.000000] RAMDISK: [mem 0x35902000-0x36c78fff]
[    0.000000] ACPI: Early table checksum verification disabled
[    0.000000] ACPI: RSDP 0x00000000000F4F00 000024 (v02 HP    )
[    0.000000] ACPI: XSDT 0x00000000DF620340 0000B4 (v01 HP     ProLiant 00000002 \xffffffd2?   0000162E)
[    0.000000] ACPI: FACP 0x00000000DF620440 0000F4 (v03 HP     ProLiant 00000002 \xffffffd2?   0000162E)
[    0.000000] ACPI BIOS Warning (bug): Invalid length for FADT/Pm1aControlBlock: 32, using default 16 (20140424/tbfadt-704)
[    0.000000] ACPI BIOS Warning (bug): Invalid length for FADT/Pm2ControlBlock: 32, using default 8 (20140424/tbfadt-704)
[    0.000000] ACPI: DSDT 0x00000000DF620540 00200D (v01 HP     DSDT     00000001 INTL 20030228)
[    0.000000] ACPI: FACS 0x00000000DF61F100 000040
[    0.000000] ACPI: FACS 0x00000000DF61F100 000040
[    0.000000] ACPI: SPCR 0x00000000DF61F140 000050 (v01 HP     SPCRRBSU 00000001 \xffffffd2?   0000162E)
[    0.000000] ACPI: MCFG 0x00000000DF61F1C0 00003C (v01 HP     ProLiant 00000001      00000000)
[    0.000000] ACPI: HPET 0x00000000DF61F200 000038 (v01 HP     ProLiant 00000002 \xffffffd2?   0000162E)
[    0.000000] ACPI: FFFF 0x00000000DF61F240 000064 (v02 HP     ProLiant 00000002 \xffffffd2?   0000162E)
[    0.000000] ACPI: SPMI 0x00000000DF61F2C0 000040 (v05 HP     ProLiant 00000001 \xffffffd2?   0000162E)
[    0.000000] ACPI: ERST 0x00000000DF61F300 0001D0 (v01 HP     ProLiant 00000001 \xffffffd2?   0000162E)
[    0.000000] ACPI: APIC 0x00000000DF61F500 00015E (v01 HP     ProLiant 00000002      00000000)
[    0.000000] ACPI: SRAT 0x00000000DF61F680 000570 (v01 HP     Proliant 00000001 \xffffffd2?   0000162E)
[    0.000000] ACPI: FFFF 0x00000000DF61FC00 000176 (v01 HP     ProLiant 00000001 \xffffffd2?   0000162E)
[    0.000000] ACPI: BERT 0x00000000DF61FD80 000030 (v01 HP     ProLiant 00000001 \xffffffd2?   0000162E)
[    0.000000] ACPI: HEST 0x00000000DF61FDC0 0000BC (v01 HP     ProLiant 00000001 \xffffffd2?   0000162E)
[    0.000000] ACPI: DMAR 0x00000000DF61FE80 000168 (v01 HP     ProLiant 00000001 \xffffffd2?   0000162E)
[    0.000000] ACPI: SSDT 0x00000000DF622580 000125 (v03 HP     CRSPCI0  00000002 HP   00000001)
[    0.000000] ACPI: SSDT 0x00000000DF6226C0 000255 (v03 HP     riser1a  00000002 INTL 20061109)
[    0.000000] ACPI: SSDT 0x00000000DF622940 0003BB (v01 HP     pcc      00000001 INTL 20090625)
[    0.000000] ACPI: SSDT 0x00000000DF622D00 000377 (v01 HP     pmab     00000001 INTL 20090625)
[    0.000000] ACPI: SSDT 0x00000000DF623080 002B64 (v01 INTEL  PPM RCM  00000001 INTL 20061109)
[    0.000000] ACPI: Local APIC address 0xfee00000
[    0.000000] SRAT: PXM 0 -> APIC 0x00 -> Node 0
[    0.000000] SRAT: PXM 0 -> APIC 0x01 -> Node 0
[    0.000000] SRAT: PXM 0 -> APIC 0x02 -> Node 0
[    0.000000] SRAT: PXM 0 -> APIC 0x03 -> Node 0
[    0.000000] SRAT: PXM 0 -> APIC 0x04 -> Node 0
[    0.000000] SRAT: PXM 0 -> APIC 0x05 -> Node 0
[    0.000000] SRAT: PXM 0 -> APIC 0x06 -> Node 0
[    0.000000] SRAT: PXM 0 -> APIC 0x07 -> Node 0
[    0.000000] SRAT: PXM 1 -> APIC 0x10 -> Node 1
[    0.000000] SRAT: PXM 1 -> APIC 0x11 -> Node 1
[    0.000000] SRAT: PXM 1 -> APIC 0x12 -> Node 1
[    0.000000] SRAT: PXM 1 -> APIC 0x13 -> Node 1
[    0.000000] SRAT: PXM 1 -> APIC 0x14 -> Node 1
[    0.000000] SRAT: PXM 1 -> APIC 0x15 -> Node 1
[    0.000000] SRAT: PXM 1 -> APIC 0x16 -> Node 1
[    0.000000] SRAT: PXM 1 -> APIC 0x17 -> Node 1
[    0.000000] SRAT: Node 0 PXM 0 [mem 0x00000000-0xdfffffff]
[    0.000000] SRAT: Node 0 PXM 0 [mem 0x100000000-0x11fffffff]
[    0.000000] SRAT: Node 1 PXM 1 [mem 0x120000000-0x21fffffff]
[    0.000000] NUMA: Node 0 [mem 0x00000000-0xdfffffff] + [mem 0x100000000-0x11fffffff] -> [mem 0x00000000-0x11fffffff]
[    0.000000] Initmem setup node 0 [mem 0x00000000-0x11fffffff]
[    0.000000]   NODE_DATA [mem 0x11fffb000-0x11fffffff]
[    0.000000] Initmem setup node 1 [mem 0x120000000-0x21fffefff]
[    0.000000]   NODE_DATA [mem 0x21fffa000-0x21fffefff]
[    0.000000]  [ffffea0000000000-ffffea00047fffff] PMD -> [ffff88011be00000-ffff88011fdfffff] on node 0
[    0.000000]  [ffffea0004800000-ffffea00087fffff] PMD -> [ffff88021b400000-ffff88021f3fffff] on node 1
[    0.000000] Zone ranges:
[    0.000000]   DMA      [mem 0x00001000-0x00ffffff]
[    0.000000]   DMA32    [mem 0x01000000-0xffffffff]
[    0.000000]   Normal   [mem 0x100000000-0x21fffefff]
[    0.000000] Movable zone start for each node
[    0.000000] Early memory node ranges
[    0.000000]   node   0: [mem 0x00001000-0x0009efff]
[    0.000000]   node   0: [mem 0x00100000-0xdf61efff]
[    0.000000]   node   0: [mem 0xdf62c000-0xdf62cfff]
[    0.000000]   node   0: [mem 0x100000000-0x11fffffff]
[    0.000000]   node   1: [mem 0x120000000-0x21fffefff]
[    0.000000] On node 0 totalpages: 1045950
[    0.000000]   DMA zone: 64 pages used for memmap
[    0.000000]   DMA zone: 21 pages reserved
[    0.000000]   DMA zone: 3998 pages, LIFO batch:0
[    0.000000]   DMA32 zone: 14233 pages used for memmap
[    0.000000]   DMA32 zone: 910880 pages, LIFO batch:31
[    0.000000]   Normal zone: 2048 pages used for memmap
[    0.000000]   Normal zone: 131072 pages, LIFO batch:31
[    0.000000] On node 1 totalpages: 1048575
[    0.000000]   Normal zone: 16384 pages used for memmap
[    0.000000]   Normal zone: 1048575 pages, LIFO batch:31
[    0.000000] ACPI: PM-Timer IO Port: 0x908
[    0.000000] ACPI: Local APIC address 0xfee00000
[    0.000000] ACPI: LAPIC (acpi_id[0x00] lapic_id[0x00] enabled)
[    0.000000] ACPI: LAPIC (acpi_id[0x10] lapic_id[0x20] disabled)
[    0.000000] ACPI: LAPIC (acpi_id[0x08] lapic_id[0x10] enabled)
[    0.000000] ACPI: LAPIC (acpi_id[0x18] lapic_id[0x30] disabled)
[    0.000000] ACPI: LAPIC (acpi_id[0x04] lapic_id[0x04] enabled)
[    0.000000] ACPI: LAPIC (acpi_id[0x14] lapic_id[0x24] disabled)
[    0.000000] ACPI: LAPIC (acpi_id[0x0c] lapic_id[0x14] enabled)
[    0.000000] ACPI: LAPIC (acpi_id[0x1c] lapic_id[0x34] disabled)
[    0.000000] ACPI: LAPIC (acpi_id[0x02] lapic_id[0x02] enabled)
[    0.000000] ACPI: LAPIC (acpi_id[0x12] lapic_id[0x22] disabled)
[    0.000000] ACPI: LAPIC (acpi_id[0x0a] lapic_id[0x12] enabled)
[    0.000000] ACPI: LAPIC (acpi_id[0x1a] lapic_id[0x32] disabled)
[    0.000000] ACPI: LAPIC (acpi_id[0x06] lapic_id[0x06] enabled)
[    0.000000] ACPI: LAPIC (acpi_id[0x16] lapic_id[0x26] disabled)
[    0.000000] ACPI: LAPIC (acpi_id[0x0e] lapic_id[0x16] enabled)
[    0.000000] ACPI: LAPIC (acpi_id[0x1e] lapic_id[0x36] disabled)
[    0.000000] ACPI: LAPIC (acpi_id[0x01] lapic_id[0x01] enabled)
[    0.000000] ACPI: LAPIC (acpi_id[0x11] lapic_id[0x21] disabled)
[    0.000000] ACPI: LAPIC (acpi_id[0x09] lapic_id[0x11] enabled)
[    0.000000] ACPI: LAPIC (acpi_id[0x19] lapic_id[0x31] disabled)
[    0.000000] ACPI: LAPIC (acpi_id[0x05] lapic_id[0x05] enabled)
[    0.000000] ACPI: LAPIC (acpi_id[0x15] lapic_id[0x25] disabled)
[    0.000000] ACPI: LAPIC (acpi_id[0x0d] lapic_id[0x15] enabled)
[    0.000000] ACPI: LAPIC (acpi_id[0x1d] lapic_id[0x35] disabled)
[    0.000000] ACPI: LAPIC (acpi_id[0x03] lapic_id[0x03] enabled)
[    0.000000] ACPI: LAPIC (acpi_id[0x13] lapic_id[0x23] disabled)
[    0.000000] ACPI: LAPIC (acpi_id[0x0b] lapic_id[0x13] enabled)
[    0.000000] ACPI: LAPIC (acpi_id[0x1b] lapic_id[0x33] disabled)
[    0.000000] ACPI: LAPIC (acpi_id[0x07] lapic_id[0x07] enabled)
[    0.000000] ACPI: LAPIC (acpi_id[0x17] lapic_id[0x27] disabled)
[    0.000000] ACPI: LAPIC (acpi_id[0x0f] lapic_id[0x17] enabled)
[    0.000000] ACPI: LAPIC (acpi_id[0x1f] lapic_id[0x37] disabled)
[    0.000000] ACPI: LAPIC_NMI (acpi_id[0xff] dfl dfl lint[0x1])
[    0.000000] ACPI: IOAPIC (id[0x08] address[0xfec00000] gsi_base[0])
[    0.000000] IOAPIC[0]: apic_id 8, version 32, address 0xfec00000, GSI 0-23
[    0.000000] ACPI: IOAPIC (id[0x00] address[0xfec80000] gsi_base[24])
[    0.000000] IOAPIC[1]: apic_id 0, version 32, address 0xfec80000, GSI 24-47
[    0.000000] ACPI: INT_SRC_OVR (bus 0 bus_irq 0 global_irq 2 high edge)
[    0.000000] ACPI: INT_SRC_OVR (bus 0 bus_irq 9 global_irq 9 high level)
[    0.000000] ACPI: IRQ0 used by override.
[    0.000000] ACPI: IRQ2 used by override.
[    0.000000] ACPI: IRQ9 used by override.
[    0.000000] Using ACPI (MADT) for SMP configuration information
[    0.000000] ACPI: HPET id: 0x8086a201 base: 0xfed00000
[    0.000000] smpboot: Allowing 32 CPUs, 16 hotplug CPUs
[    0.000000] nr_irqs_gsi: 64
[    0.000000] PM: Registered nosave memory: [mem 0x0009f000-0x0009ffff]
[    0.000000] PM: Registered nosave memory: [mem 0x000a0000-0x000effff]
[    0.000000] PM: Registered nosave memory: [mem 0x000f0000-0x000fffff]
[    0.000000] PM: Registered nosave memory: [mem 0xdf61f000-0xdf62bfff]
[    0.000000] PM: Registered nosave memory: [mem 0xdf62d000-0xe3ffffff]
[    0.000000] PM: Registered nosave memory: [mem 0xe4000000-0xfebfffff]
[    0.000000] PM: Registered nosave memory: [mem 0xfec00000-0xfee0ffff]
[    0.000000] PM: Registered nosave memory: [mem 0xfee10000-0xff7fffff]
[    0.000000] PM: Registered nosave memory: [mem 0xff800000-0xffffffff]
[    0.000000] e820: [mem 0xe4000000-0xfebfffff] available for PCI devices
[    0.000000] Booting paravirtualized kernel on bare hardware
[    0.000000] setup_percpu: NR_CPUS:256 nr_cpumask_bits:256 nr_cpu_ids:32 nr_node_ids:2
[    0.000000] PERCPU: Embedded 27 pages/cpu @ffff88011bc00000 s81408 r8192 d20992 u131072
[    0.000000] pcpu-alloc: s81408 r8192 d20992 u131072 alloc=1*2097152
[    0.000000] pcpu-alloc: [0] 00 02 04 06 08 10 12 14 16 18 20 22 24 26 28 30 
[    0.000000] pcpu-alloc: [1] 01 03 05 07 09 11 13 15 17 19 21 23 25 27 29 31 
[    0.000000] Built 2 zonelists in Node order, mobility grouping on.  Total pages: 2061775
[    0.000000] Policy zone: Normal
[    0.000000] Kernel command line: BOOT_IMAGE=/vmlinuz-3.16.0-55-generic root=/dev/mapper/dl380--vg-root ro
[    0.000000] PID hash table entries: 4096 (order: 3, 32768 bytes)
[    0.000000] AGP: Checking aperture...
[    0.000000] AGP: No AGP bridge found
[    0.000000] Calgary: detecting Calgary via BIOS EBDA area
[    0.000000] Calgary: Unable to locate Rio Grande table in EBDA - bailing!
[    0.000000] Memory: 8140948K/8378100K available (7635K kernel code, 1131K rwdata, 3616K rodata, 1356K init, 1300K bss, 237152K reserved)
[    0.000000] SLUB: HWalign=64, Order=0-3, MinObjects=0, CPUs=32, Nodes=2
[    0.000000] Hierarchical RCU implementation.
[    0.000000] 	RCU dyntick-idle grace-period acceleration is enabled.
[    0.000000] 	RCU restricting CPUs from NR_CPUS=256 to nr_cpu_ids=32.
[    0.000000] 	Offload RCU callbacks from all CPUs
[    0.000000] 	Offload RCU callbacks from CPUs: 0-31.
[    0.000000] RCU: Adjusting geometry for rcu_fanout_leaf=16, nr_cpu_ids=32
[    0.000000] NR_IRQS:16640 nr_irqs:1344 16
[    0.000000] Console: colour dummy device 80x25
[    0.000000] console [tty0] enabled
[    0.000000] allocated 33554432 bytes of page_cgroup
[    0.000000] please try 'cgroup_disable=memory' option if you don't want memory cgroups
[    0.000000] mempolicy: Enabling automatic NUMA balancing. Configure with numa_balancing= or the kernel.numa_balancing sysctl
[    0.000000] hpet clockevent registered
[    0.000000] tsc: Fast TSC calibration using PIT
[    0.000000] tsc: Detected 2400.324 MHz processor
[    0.000036] Calibrating delay loop (skipped), value calculated using timer frequency.. 4800.64 BogoMIPS (lpj=9601296)
[    0.000041] pid_max: default: 32768 minimum: 301
[    0.000055] ACPI: Core revision 20140424
[    0.003450] ACPI: All ACPI Tables successfully acquired
[    0.003503] Security Framework initialized
[    0.003545] AppArmor: AppArmor initialized
[    0.003548] Yama: becoming mindful.
[    0.004129] Dentry cache hash table entries: 1048576 (order: 11, 8388608 bytes)
[    0.006227] Inode-cache hash table entries: 524288 (order: 10, 4194304 bytes)
[    0.007032] Mount-cache hash table entries: 16384 (order: 5, 131072 bytes)
[    0.007045] Mountpoint-cache hash table entries: 16384 (order: 5, 131072 bytes)
[    0.007355] Initializing cgroup subsys memory
[    0.007393] Initializing cgroup subsys devices
[    0.007401] Initializing cgroup subsys freezer
[    0.007406] Initializing cgroup subsys net_cls
[    0.007412] Initializing cgroup subsys blkio
[    0.007417] Initializing cgroup subsys perf_event
[    0.007422] Initializing cgroup subsys net_prio
[    0.007431] Initializing cgroup subsys hugetlb
[    0.007465] CPU: Physical Processor ID: 0
[    0.007468] CPU: Processor Core ID: 0
[    0.007474] mce: CPU supports 9 MCE banks
[    0.007485] CPU0: Thermal monitoring enabled (TM1)
[    0.007492] process: using mwait in idle threads
[    0.007498] Last level iTLB entries: 4KB 512, 2MB 7, 4MB 7
[    0.007498] Last level dTLB entries: 4KB 512, 2MB 32, 4MB 32, 1GB 0
[    0.007498] tlb_flushall_shift: 6
[    0.007617] Freeing SMP alternatives memory: 32K (ffffffff81e6f000 - ffffffff81e77000)
[    0.008804] ftrace: allocating 29286 entries in 115 pages
[    0.022707] dmar: Host address width 39
[    0.022711] dmar: DRHD base: 0x000000e7ffe000 flags: 0x1
[    0.022718] dmar: IOMMU 0: reg_base_addr e7ffe000 ver 1:0 cap c90780106f0462 ecap f0207e
[    0.022722] dmar: RMRR base: 0x000000df7fc000 end: 0x000000df7fdfff
[    0.022724] dmar: RMRR base: 0x000000df7f5000 end: 0x000000df7fafff
[    0.022726] dmar: RMRR base: 0x000000df63e000 end: 0x000000df63ffff
[    0.022729] dmar: ATSR flags: 0x0
[    0.022833] This system BIOS has enabled interrupt remapping
[    0.022833] on a chipset that contains an erratum making that
[    0.022833] feature unstable.  To maintain system stability
[    0.022833] interrupt remapping is being disabled.  Please
[    0.022833] contact your BIOS vendor for an update
[    0.022905] Switched APIC routing to physical flat.
[    0.023438] ..TIMER: vector=0x30 apic1=0 pin1=2 apic2=-1 pin2=-1
[    0.063159] smpboot: CPU0: Intel(R) Xeon(R) CPU           E5530  @ 2.40GHz (fam: 06, model: 1a, stepping: 05)
[    0.170454] Performance Events: PEBS fmt1+, 16-deep LBR, Nehalem events, Broken BIOS detected, complain to your hardware vendor.
[    0.170473] [Firmware Bug]: the BIOS has corrupted hw-PMU resources (MSR 38d is 330)
[    0.170476] Intel PMU driver.
[    0.170477] perf_event_intel: CPU erratum AAJ80 worked around
[    0.170479] perf_event_intel: CPUID marked event: 'bus cycles' unavailable
[    0.170482] ... version:                3
[    0.170484] ... bit width:              48
[    0.170486] ... generic registers:      4
[    0.170488] ... value mask:             0000ffffffffffff
[    0.170490] ... max period:             000000007fffffff
[    0.170492] ... fixed-purpose events:   3
[    0.170493] ... event mask:             000000070000000f
[    0.172987] x86: Booting SMP configuration:
[    0.172990] .... node  #1, CPUs:        #1
[    0.283120] NMI watchdog: enabled on all CPUs, permanently consumes one hw-PMU counter.
[    0.283224] 
[    0.283226] .... node  #0, CPUs:    #2
[    0.296527] .... node  #1, CPUs:    #3
[    0.309759] .... node  #0, CPUs:    #4
[    0.323091] .... node  #1, CPUs:    #5
[    0.336327] .... node  #0, CPUs:    #6
[    0.349811] .... node  #1, CPUs:    #7
[    0.363050] .... node  #0, CPUs:    #8
[    0.376357] .... node  #1, CPUs:    #9
[    0.389599] .... node  #0, CPUs:   #10
[    0.402888] .... node  #1, CPUs:   #11
[    0.416134] .... node  #0, CPUs:   #12
[    0.429425] .... node  #1, CPUs:   #13
[    0.442669] .... node  #0, CPUs:   #14
[    0.455964] .... node  #1, CPUs:   #15
[    0.469118] x86: Booted up 2 nodes, 16 CPUs
[    0.469123] smpboot: Total of 16 processors activated (76805.68 BogoMIPS)
[    0.484150] devtmpfs: initialized
[    0.488295] evm: security.selinux
[    0.488299] evm: security.SMACK64
[    0.488301] evm: security.SMACK64EXEC
[    0.488302] evm: security.SMACK64TRANSMUTE
[    0.488304] evm: security.SMACK64MMAP
[    0.488306] evm: security.ima
[    0.488307] evm: security.capability
[    0.489456] pinctrl core: initialized pinctrl subsystem
[    0.489550] regulator-dummy: no parameters
[    0.489586] RTC time: 21:38:30, date: 12/19/15
[    0.489654] NET: Registered protocol family 16
[    0.489822] cpuidle: using governor ladder
[    0.489827] cpuidle: using governor menu
[    0.489870] ACPI FADT declares the system doesn't support PCIe ASPM, so disable it
[    0.489874] ACPI: bus type PCI registered
[    0.489876] acpiphp: ACPI Hot Plug PCI Controller Driver version: 0.5
[    0.489965] PCI: MMCONFIG for domain 0000 [bus 00-3f] at [mem 0xe0000000-0xe3ffffff] (base 0xe0000000)
[    0.489970] PCI: MMCONFIG at [mem 0xe0000000-0xe3ffffff] reserved in E820
[    0.490111] PCI: Using configuration type 1 for base access
[    0.490115] PCI: HP ProLiant DL380 detected, enabling pci=bfsort.
[    0.495423] ACPI: Added _OSI(Module Device)
[    0.495427] ACPI: Added _OSI(Processor Device)
[    0.495429] ACPI: Added _OSI(3.0 _SCP Extensions)
[    0.495431] ACPI: Added _OSI(Processor Aggregator Device)
[    0.498611] ACPI: Interpreter enabled
[    0.498617] ACPI Exception: AE_NOT_FOUND, While evaluating Sleep State [\_S1_] (20140424/hwxface-580)
[    0.498623] ACPI Exception: AE_NOT_FOUND, While evaluating Sleep State [\_S2_] (20140424/hwxface-580)
[    0.498627] ACPI Exception: AE_NOT_FOUND, While evaluating Sleep State [\_S3_] (20140424/hwxface-580)
[    0.498639] ACPI: (supports S0 S4 S5)
[    0.498641] ACPI: Using IOAPIC for interrupt routing
[    0.498664] HEST: Table parsing has been initialized.
[    0.498667] PCI: Using host bridge windows from ACPI; if necessary, use "pci=nocrs" and report a bug
[    0.501918] ACPI: PCI Root Bridge [PCI0] (domain 0000 [bus 00-19])
[    0.501925] acpi PNP0A08:00: _OSC: OS supports [ExtendedConfig ASPM ClockPM Segments MSI]
[    0.501931] acpi PNP0A08:00: _OSC failed (AE_NOT_FOUND); disabling ASPM
[    0.501950] acpi PNP0A08:00: host bridge window expanded to [mem 0xfed00000-0xfed44fff]; [mem 0xfed00000-0xfed03fff] ignored
[    0.502060] PCI host bridge to bus 0000:00
[    0.502064] pci_bus 0000:00: root bus resource [bus 00-19]
[    0.502066] pci_bus 0000:00: root bus resource [mem 0xe7000000-0xfbffffff]
[    0.502069] pci_bus 0000:00: root bus resource [io  0x1000-0x5fff]
[    0.502072] pci_bus 0000:00: root bus resource [io  0x0000-0x03af]
[    0.502075] pci_bus 0000:00: root bus resource [io  0x03e0-0x0cf7]
[    0.502077] pci_bus 0000:00: root bus resource [io  0x0d00-0x0fff]
[    0.502080] pci_bus 0000:00: root bus resource [mem 0xfed00000-0xfed44fff]
[    0.502083] pci_bus 0000:00: root bus resource [io  0x03b0-0x03bb]
[    0.502086] pci_bus 0000:00: root bus resource [io  0x03c0-0x03df]
[    0.502088] pci_bus 0000:00: root bus resource [mem 0x000a0000-0x000bffff]
[    0.502100] pci 0000:00:00.0: [8086:3406] type 00 class 0x060000
[    0.502155] pci 0000:00:00.0: PME# supported from D0 D3hot D3cold
[    0.502220] pci 0000:00:01.0: [8086:3408] type 01 class 0x060400
[    0.502275] pci 0000:00:01.0: PME# supported from D0 D3hot D3cold
[    0.502343] pci 0000:00:02.0: [8086:3409] type 01 class 0x060400
[    0.502396] pci 0000:00:02.0: PME# supported from D0 D3hot D3cold
[    0.502462] pci 0000:00:03.0: [8086:340a] type 01 class 0x060400
[    0.502516] pci 0000:00:03.0: PME# supported from D0 D3hot D3cold
[    0.502580] pci 0000:00:04.0: [8086:340b] type 01 class 0x060400
[    0.502633] pci 0000:00:04.0: PME# supported from D0 D3hot D3cold
[    0.502706] pci 0000:00:05.0: [8086:340c] type 01 class 0x060400
[    0.502759] pci 0000:00:05.0: PME# supported from D0 D3hot D3cold
[    0.502825] pci 0000:00:06.0: [8086:340d] type 01 class 0x060400
[    0.502879] pci 0000:00:06.0: PME# supported from D0 D3hot D3cold
[    0.502943] pci 0000:00:07.0: [8086:340e] type 01 class 0x060400
[    0.502997] pci 0000:00:07.0: PME# supported from D0 D3hot D3cold
[    0.503064] pci 0000:00:08.0: [8086:340f] type 01 class 0x060400
[    0.503120] pci 0000:00:08.0: PME# supported from D0 D3hot D3cold
[    0.503186] pci 0000:00:09.0: [8086:3410] type 01 class 0x060400
[    0.503239] pci 0000:00:09.0: PME# supported from D0 D3hot D3cold
[    0.503303] pci 0000:00:0a.0: [8086:3411] type 01 class 0x060400
[    0.503356] pci 0000:00:0a.0: PME# supported from D0 D3hot D3cold
[    0.503422] pci 0000:00:0d.0: [8086:343a] type 00 class 0x060000
[    0.503516] pci 0000:00:0d.1: [8086:343b] type 00 class 0x060000
[    0.503607] pci 0000:00:0d.2: [8086:343c] type 00 class 0x060000
[    0.503696] pci 0000:00:0d.3: [8086:343d] type 00 class 0x060000
[    0.503787] pci 0000:00:0d.4: [8086:3418] type 00 class 0x060000
[    0.503878] pci 0000:00:0d.5: [8086:3419] type 00 class 0x060000
[    0.503969] pci 0000:00:0d.6: [8086:341a] type 00 class 0x060000
[    0.504064] pci 0000:00:0e.0: [8086:341c] type 00 class 0x060000
[    0.504158] pci 0000:00:0e.1: [8086:341d] type 00 class 0x060000
[    0.504249] pci 0000:00:0e.2: [8086:341e] type 00 class 0x060000
[    0.504340] pci 0000:00:0e.3: [8086:341f] type 00 class 0x060000
[    0.504431] pci 0000:00:0e.4: [8086:3439] type 00 class 0x060000
[    0.504522] pci 0000:00:14.0: [8086:342e] type 00 class 0x080000
[    0.504613] pci 0000:00:14.1: [8086:3422] type 00 class 0x080000
[    0.504702] pci 0000:00:14.2: [8086:3423] type 00 class 0x080000
[    0.504804] pci 0000:00:1c.0: [8086:3a40] type 01 class 0x060400
[    0.504875] pci 0000:00:1c.0: PME# supported from D0 D3hot D3cold
[    0.504947] pci 0000:00:1c.2: [8086:3a44] type 01 class 0x060400
[    0.505017] pci 0000:00:1c.2: PME# supported from D0 D3hot D3cold
[    0.505091] pci 0000:00:1d.0: [8086:3a34] type 00 class 0x0c0300
[    0.505157] pci 0000:00:1d.0: reg 0x20: [io  0x1000-0x101f]
[    0.505270] pci 0000:00:1d.1: [8086:3a35] type 00 class 0x0c0300
[    0.505335] pci 0000:00:1d.1: reg 0x20: [io  0x1020-0x103f]
[    0.505451] pci 0000:00:1d.2: [8086:3a36] type 00 class 0x0c0300
[    0.505515] pci 0000:00:1d.2: reg 0x20: [io  0x1040-0x105f]
[    0.505629] pci 0000:00:1d.3: [8086:3a39] type 00 class 0x0c0300
[    0.505695] pci 0000:00:1d.3: reg 0x20: [io  0x1060-0x107f]
[    0.505812] pci 0000:00:1d.7: [8086:3a3a] type 00 class 0x0c0320
[    0.505832] pci 0000:00:1d.7: reg 0x10: [mem 0xf1df0000-0xf1df03ff]
[    0.505916] pci 0000:00:1d.7: PME# supported from D0 D3hot D3cold
[    0.505977] pci 0000:00:1e.0: [8086:244e] type 01 class 0x060401
[    0.506080] pci 0000:00:1f.0: [8086:3a18] type 00 class 0x060100
[    0.506278] pci 0000:04:00.0: [103c:323a] type 00 class 0x010400
[    0.506292] pci 0000:04:00.0: reg 0x10: [mem 0xfbc00000-0xfbdfffff 64bit]
[    0.506303] pci 0000:04:00.0: reg 0x18: [mem 0xfbbf0000-0xfbbf0fff 64bit]
[    0.506310] pci 0000:04:00.0: reg 0x20: [io  0x4000-0x40ff]
[    0.506323] pci 0000:04:00.0: reg 0x30: [mem 0x00000000-0x0007ffff pref]
[    0.506359] pci 0000:04:00.0: PME# supported from D0
[    0.511132] pci 0000:00:01.0: PCI bridge to [bus 04]
[    0.511139] pci 0000:00:01.0:   bridge window [io  0x4000-0x4fff]
[    0.511144] pci 0000:00:01.0:   bridge window [mem 0xfbb00000-0xfbdfffff]
[    0.511202] pci 0000:00:02.0: PCI bridge to [bus 05]
[    0.511252] pci 0000:00:03.0: PCI bridge to [bus 10-12]
[    0.511298] pci 0000:00:04.0: PCI bridge to [bus 13]
[    0.511348] pci 0000:00:05.0: PCI bridge to [bus 14-16]
[    0.511394] pci 0000:00:06.0: PCI bridge to [bus 17-19]
[    0.511493] pci 0000:00:07.0: PCI bridge to [bus 0d-0f]
[    0.511607] pci 0000:0a:00.0: [8086:105e] type 00 class 0x020000
[    0.511621] pci 0000:0a:00.0: reg 0x10: [mem 0xfbfe0000-0xfbffffff]
[    0.511630] pci 0000:0a:00.0: reg 0x14: [mem 0xfbfc0000-0xfbfdffff]
[    0.511638] pci 0000:0a:00.0: reg 0x18: [io  0x5000-0x501f]
[    0.511666] pci 0000:0a:00.0: reg 0x30: [mem 0x00000000-0x0001ffff pref]
[    0.511708] pci 0000:0a:00.0: PME# supported from D0 D3hot D3cold
[    0.511779] pci 0000:0a:00.1: [8086:105e] type 00 class 0x020000
[    0.511793] pci 0000:0a:00.1: reg 0x10: [mem 0xfbfa0000-0xfbfbffff]
[    0.511801] pci 0000:0a:00.1: reg 0x14: [mem 0xfbf80000-0xfbf9ffff]
[    0.511809] pci 0000:0a:00.1: reg 0x18: [io  0x5020-0x503f]
[    0.511837] pci 0000:0a:00.1: reg 0x30: [mem 0x00000000-0x0001ffff pref]
[    0.511879] pci 0000:0a:00.1: PME# supported from D0 D3hot D3cold
[    0.519142] pci 0000:00:08.0: PCI bridge to [bus 0a-0c]
[    0.519150] pci 0000:00:08.0:   bridge window [io  0x5000-0x5fff]
[    0.519154] pci 0000:00:08.0:   bridge window [mem 0xfbf00000-0xfbffffff]
[    0.519265] pci 0000:00:09.0: PCI bridge to [bus 07-09]
[    0.519312] pci 0000:00:0a.0: PCI bridge to [bus 06]
[    0.519390] pci 0000:02:00.0: [14e4:1639] type 00 class 0x020000
[    0.519414] pci 0000:02:00.0: reg 0x10: [mem 0xf4000000-0xf5ffffff 64bit]
[    0.519461] pci 0000:02:00.0: reg 0x30: [mem 0x00000000-0x0000ffff pref]
[    0.519548] pci 0000:02:00.0: PME# supported from D0 D3hot D3cold
[    0.519620] pci 0000:02:00.1: [14e4:1639] type 00 class 0x020000
[    0.519643] pci 0000:02:00.1: reg 0x10: [mem 0xf2000000-0xf3ffffff 64bit]
[    0.519690] pci 0000:02:00.1: reg 0x30: [mem 0x00000000-0x0000ffff pref]
[    0.519777] pci 0000:02:00.1: PME# supported from D0 D3hot D3cold
[    0.527155] pci 0000:00:1c.0: PCI bridge to [bus 02]
[    0.527164] pci 0000:00:1c.0:   bridge window [mem 0xf2000000-0xf5ffffff]
[    0.527247] pci 0000:03:00.0: [14e4:1639] type 00 class 0x020000
[    0.527270] pci 0000:03:00.0: reg 0x10: [mem 0xf8000000-0xf9ffffff 64bit]
[    0.527318] pci 0000:03:00.0: reg 0x30: [mem 0x00000000-0x0000ffff pref]
[    0.527406] pci 0000:03:00.0: PME# supported from D0 D3hot D3cold
[    0.527475] pci 0000:03:00.1: [14e4:1639] type 00 class 0x020000
[    0.527498] pci 0000:03:00.1: reg 0x10: [mem 0xf6000000-0xf7ffffff 64bit]
[    0.527546] pci 0000:03:00.1: reg 0x30: [mem 0x00000000-0x0000ffff pref]
[    0.527633] pci 0000:03:00.1: PME# supported from D0 D3hot D3cold
[    0.535164] pci 0000:00:1c.2: PCI bridge to [bus 03]
[    0.535174] pci 0000:00:1c.2:   bridge window [mem 0xf6000000-0xf9ffffff]
[    0.535241] pci 0000:01:03.0: [1002:515e] type 00 class 0x030000
[    0.535259] pci 0000:01:03.0: reg 0x10: [mem 0xe8000000-0xefffffff pref]
[    0.535269] pci 0000:01:03.0: reg 0x14: [io  0x3000-0x30ff]
[    0.535279] pci 0000:01:03.0: reg 0x18: [mem 0xf1ff0000-0xf1ffffff]
[    0.535313] pci 0000:01:03.0: reg 0x30: [mem 0x00000000-0x0001ffff pref]
[    0.535342] pci 0000:01:03.0: supports D1 D2
[    0.535389] pci 0000:01:04.0: [0e11:b203] type 00 class 0x088000
[    0.535406] pci 0000:01:04.0: reg 0x10: [io  0x2800-0x28ff]
[    0.535416] pci 0000:01:04.0: reg 0x14: [mem 0xf1fe0000-0xf1fe01ff]
[    0.535485] pci 0000:01:04.0: PME# supported from D0 D3hot D3cold
[    0.535544] pci 0000:01:04.2: [0e11:b204] type 00 class 0x088000
[    0.535563] pci 0000:01:04.2: reg 0x10: [io  0x3400-0x34ff]
[    0.535573] pci 0000:01:04.2: reg 0x14: [mem 0xf1fd0000-0xf1fd07ff]
[    0.535584] pci 0000:01:04.2: reg 0x18: [mem 0xf1fc0000-0xf1fc3fff]
[    0.535595] pci 0000:01:04.2: reg 0x1c: [mem 0xf1f00000-0xf1f7ffff]
[    0.535624] pci 0000:01:04.2: reg 0x30: [mem 0x00000000-0x0000ffff pref]
[    0.535656] pci 0000:01:04.2: PME# supported from D0 D3hot D3cold
[    0.535710] pci 0000:01:04.4: [103c:3300] type 00 class 0x0c0300
[    0.535766] pci 0000:01:04.4: reg 0x20: [io  0x3800-0x381f]
[    0.535816] pci 0000:01:04.4: PME# supported from D0 D3hot D3cold
[    0.535869] pci 0000:01:04.6: [103c:3302] type 00 class 0x0c0701
[    0.535886] pci 0000:01:04.6: reg 0x10: [mem 0xf1ef0000-0xf1ef00ff]
[    0.535962] pci 0000:01:04.6: PME# supported from D0 D3hot D3cold
[    0.536035] pci 0000:00:1e.0: PCI bridge to [bus 01] (subtractive decode)
[    0.536040] pci 0000:00:1e.0:   bridge window [io  0x2000-0x3fff]
[    0.536043] pci 0000:00:1e.0:   bridge window [mem 0xf1e00000-0xf1ffffff]
[    0.536048] pci 0000:00:1e.0:   bridge window [mem 0xe8000000-0xefffffff 64bit pref]
[    0.536050] pci 0000:00:1e.0:   bridge window [mem 0xe7000000-0xfbffffff] (subtractive decode)
[    0.536051] pci 0000:00:1e.0:   bridge window [io  0x1000-0x5fff] (subtractive decode)
[    0.536053] pci 0000:00:1e.0:   bridge window [io  0x0000-0x03af] (subtractive decode)
[    0.536055] pci 0000:00:1e.0:   bridge window [io  0x03e0-0x0cf7] (subtractive decode)
[    0.536056] pci 0000:00:1e.0:   bridge window [io  0x0d00-0x0fff] (subtractive decode)
[    0.536058] pci 0000:00:1e.0:   bridge window [mem 0xfed00000-0xfed44fff] (subtractive decode)
[    0.536060] pci 0000:00:1e.0:   bridge window [io  0x03b0-0x03bb] (subtractive decode)
[    0.536061] pci 0000:00:1e.0:   bridge window [io  0x03c0-0x03df] (subtractive decode)
[    0.536063] pci 0000:00:1e.0:   bridge window [mem 0x000a0000-0x000bffff] (subtractive decode)
[    0.536353] ACPI: PCI Interrupt Link [LNKA] (IRQs 5 *7 10 11)
[    0.536396] ACPI: PCI Interrupt Link [LNKB] (IRQs 5 7 10 *11)
[    0.536437] ACPI: PCI Interrupt Link [LNKC] (IRQs *5 7 10 11)
[    0.536477] ACPI: PCI Interrupt Link [LNKD] (IRQs 5 7 *10 11)
[    0.536517] ACPI: PCI Interrupt Link [LNKE] (IRQs *5 7 10 11)
[    0.536558] ACPI: PCI Interrupt Link [LNKF] (IRQs 5 7 *10 11)
[    0.536598] ACPI: PCI Interrupt Link [LNKG] (IRQs 5 7 *10 11)
[    0.536639] ACPI: PCI Interrupt Link [LNKH] (IRQs 5 *7 10 11)
[    0.536833] vgaarb: setting as boot device: PCI:0000:01:03.0
[    0.536839] vgaarb: device added: PCI:0000:01:03.0,decodes=io+mem,owns=io+mem,locks=none
[    0.536846] vgaarb: loaded
[    0.536848] vgaarb: bridge control possible 0000:01:03.0
[    0.537086] SCSI subsystem initialized
[    0.537153] libata version 3.00 loaded.
[    0.537181] ACPI: bus type USB registered
[    0.537203] usbcore: registered new interface driver usbfs
[    0.537212] usbcore: registered new interface driver hub
[    0.537238] usbcore: registered new device driver usb
[    0.537429] PCI: Using ACPI for IRQ routing
[    0.538423] PCI: Discovered peer bus 3e
[    0.538425] PCI: root bus 3e: using default resources
[    0.538426] PCI: Probing PCI hardware (bus 3e)
[    0.538454] PCI host bridge to bus 0000:3e
[    0.538458] pci_bus 0000:3e: root bus resource [io  0x0000-0xffff]
[    0.538461] pci_bus 0000:3e: root bus resource [mem 0x00000000-0xffffffffff]
[    0.538463] pci_bus 0000:3e: No busn resource found for root bus, will use [bus 3e-ff]
[    0.538470] pci 0000:3e:00.0: [8086:2c40] type 00 class 0x060000
[    0.538517] pci 0000:3e:00.1: [8086:2c01] type 00 class 0x060000
[    0.538569] pci 0000:3e:02.0: [8086:2c10] type 00 class 0x060000
[    0.538612] pci 0000:3e:02.1: [8086:2c11] type 00 class 0x060000
[    0.538657] pci 0000:3e:02.4: [8086:2c14] type 00 class 0x060000
[    0.538700] pci 0000:3e:02.5: [8086:2c15] type 00 class 0x060000
[    0.538744] pci 0000:3e:03.0: [8086:2c18] type 00 class 0x060000
[    0.538788] pci 0000:3e:03.1: [8086:2c19] type 00 class 0x060000
[    0.538829] pci 0000:3e:03.2: [8086:2c1a] type 00 class 0x060000
[    0.538871] pci 0000:3e:03.4: [8086:2c1c] type 00 class 0x060000
[    0.538915] pci 0000:3e:04.0: [8086:2c20] type 00 class 0x060000
[    0.538956] pci 0000:3e:04.1: [8086:2c21] type 00 class 0x060000
[    0.538998] pci 0000:3e:04.2: [8086:2c22] type 00 class 0x060000
[    0.539039] pci 0000:3e:04.3: [8086:2c23] type 00 class 0x060000
[    0.539081] pci 0000:3e:05.0: [8086:2c28] type 00 class 0x060000
[    0.539124] pci 0000:3e:05.1: [8086:2c29] type 00 class 0x060000
[    0.539173] pci 0000:3e:05.2: [8086:2c2a] type 00 class 0x060000
[    0.539216] pci 0000:3e:05.3: [8086:2c2b] type 00 class 0x060000
[    0.539262] pci 0000:3e:06.0: [8086:2c30] type 00 class 0x060000
[    0.539304] pci 0000:3e:06.1: [8086:2c31] type 00 class 0x060000
[    0.539347] pci 0000:3e:06.2: [8086:2c32] type 00 class 0x060000
[    0.539388] pci 0000:3e:06.3: [8086:2c33] type 00 class 0x060000
[    0.539444] pci_bus 0000:3e: busn_res: [bus 3e-ff] end is updated to 3e
[    0.539448] PCI: Discovered peer bus 3f
[    0.539451] PCI: root bus 3f: using default resources
[    0.539452] PCI: Probing PCI hardware (bus 3f)
[    0.539479] PCI host bridge to bus 0000:3f
[    0.539482] pci_bus 0000:3f: root bus resource [io  0x0000-0xffff]
[    0.539485] pci_bus 0000:3f: root bus resource [mem 0x00000000-0xffffffffff]
[    0.539487] pci_bus 0000:3f: No busn resource found for root bus, will use [bus 3f-ff]
[    0.539493] pci 0000:3f:00.0: [8086:2c40] type 00 class 0x060000
[    0.539536] pci 0000:3f:00.1: [8086:2c01] type 00 class 0x060000
[    0.539579] pci 0000:3f:02.0: [8086:2c10] type 00 class 0x060000
[    0.539619] pci 0000:3f:02.1: [8086:2c11] type 00 class 0x060000
[    0.539662] pci 0000:3f:02.4: [8086:2c14] type 00 class 0x060000
[    0.539701] pci 0000:3f:02.5: [8086:2c15] type 00 class 0x060000
[    0.539741] pci 0000:3f:03.0: [8086:2c18] type 00 class 0x060000
[    0.539781] pci 0000:3f:03.1: [8086:2c19] type 00 class 0x060000
[    0.539819] pci 0000:3f:03.2: [8086:2c1a] type 00 class 0x060000
[    0.539859] pci 0000:3f:03.4: [8086:2c1c] type 00 class 0x060000
[    0.539899] pci 0000:3f:04.0: [8086:2c20] type 00 class 0x060000
[    0.539937] pci 0000:3f:04.1: [8086:2c21] type 00 class 0x060000
[    0.539978] pci 0000:3f:04.2: [8086:2c22] type 00 class 0x060000
[    0.540018] pci 0000:3f:04.3: [8086:2c23] type 00 class 0x060000
[    0.540060] pci 0000:3f:05.0: [8086:2c28] type 00 class 0x060000
[    0.540100] pci 0000:3f:05.1: [8086:2c29] type 00 class 0x060000
[    0.540140] pci 0000:3f:05.2: [8086:2c2a] type 00 class 0x060000
[    0.540179] pci 0000:3f:05.3: [8086:2c2b] type 00 class 0x060000
[    0.540220] pci 0000:3f:06.0: [8086:2c30] type 00 class 0x060000
[    0.540260] pci 0000:3f:06.1: [8086:2c31] type 00 class 0x060000
[    0.540303] pci 0000:3f:06.2: [8086:2c32] type 00 class 0x060000
[    0.540343] pci 0000:3f:06.3: [8086:2c33] type 00 class 0x060000
[    0.540393] pci_bus 0000:3f: busn_res: [bus 3f-ff] end is updated to 3f
[    0.540397] PCI: pci_cache_line_size set to 64 bytes
[    0.540521] e820: reserve RAM buffer [mem 0x0009f400-0x0009ffff]
[    0.540522] e820: reserve RAM buffer [mem 0xdf61f000-0xdfffffff]
[    0.540523] e820: reserve RAM buffer [mem 0xdf62d000-0xdfffffff]
[    0.540525] e820: reserve RAM buffer [mem 0x21ffff000-0x21fffffff]
[    0.540668] NetLabel: Initializing
[    0.540671] NetLabel:  domain hash size = 128
[    0.540673] NetLabel:  protocols = UNLABELED CIPSOv4
[    0.540685] NetLabel:  unlabeled traffic allowed by default
[    0.540742] HPET: 4 timers in total, 0 timers will be used for per-cpu timer
[    0.540748] hpet0: at MMIO 0xfed00000, IRQs 2, 8, 0, 0
[    0.540753] hpet0: 4 comparators, 64-bit 14.318180 MHz counter
[    0.543667] Switched to clocksource hpet
[    0.550006] AppArmor: AppArmor Filesystem Enabled
[    0.550042] pnp: PnP ACPI init
[    0.550058] ACPI: bus type PNP registered
[    0.550303] system 00:00: [io  0x0408-0x040f] has been reserved
[    0.550307] system 00:00: [io  0x04d0-0x04d1] has been reserved
[    0.550310] system 00:00: [io  0x0700-0x071f] has been reserved
[    0.550313] system 00:00: [io  0x0880-0x08ff] has been reserved
[    0.550316] system 00:00: [io  0x0900-0x097f] has been reserved
[    0.550319] system 00:00: [io  0x0c80-0x0c83] has been reserved
[    0.550325] system 00:00: [io  0x0cd4-0x0cd7] has been reserved
[    0.550328] system 00:00: [io  0x0f50-0x0f58] has been reserved
[    0.550331] system 00:00: [io  0x0ca0-0x0ca1] has been reserved
[    0.550334] system 00:00: [io  0x0ca4-0x0ca5] has been reserved
[    0.550337] system 00:00: [io  0x02f8-0x02ff] has been reserved
[    0.550340] system 00:00: [mem 0xe0000000-0xe3ffffff] has been reserved
[    0.550343] system 00:00: [mem 0xfe000000-0xfebfffff] has been reserved
[    0.550347] system 00:00: [mem 0xe7ffe000-0xe7ffffff] could not be reserved
[    0.550351] system 00:00: Plug and Play ACPI device, IDs PNP0c02 (active)
[    0.550378] pnp 00:01: Plug and Play ACPI device, IDs IPI0001 (active)
[    0.550427] pnp 00:02: Plug and Play ACPI device, IDs PNP0303 (active)
[    0.550457] pnp 00:03: Plug and Play ACPI device, IDs PNP0f13 PNP0f0e (active)
[    0.550640] pnp 00:04: Plug and Play ACPI device, IDs PNP0501 PNP0500 (active)
[    0.550699] pnp 00:05: Plug and Play ACPI device, IDs PNP0b00 (active)
[    0.550816] pnp: PnP ACPI: found 6 devices
[    0.550819] ACPI: bus type PNP unregistered
[    0.558025] pci 0000:04:00.0: BAR 6: assigned [mem 0xfbb00000-0xfbb7ffff pref]
[    0.558031] pci 0000:00:01.0: PCI bridge to [bus 04]
[    0.558035] pci 0000:00:01.0:   bridge window [io  0x4000-0x4fff]
[    0.558039] pci 0000:00:01.0:   bridge window [mem 0xfbb00000-0xfbdfffff]
[    0.558046] pci 0000:00:02.0: PCI bridge to [bus 05]
[    0.558055] pci 0000:00:03.0: PCI bridge to [bus 10-12]
[    0.558063] pci 0000:00:04.0: PCI bridge to [bus 13]
[    0.558072] pci 0000:00:05.0: PCI bridge to [bus 14-16]
[    0.558080] pci 0000:00:06.0: PCI bridge to [bus 17-19]
[    0.558089] pci 0000:00:07.0: PCI bridge to [bus 0d-0f]
[    0.558098] pci 0000:0a:00.0: BAR 6: assigned [mem 0xfbf00000-0xfbf1ffff pref]
[    0.558102] pci 0000:0a:00.1: BAR 6: assigned [mem 0xfbf20000-0xfbf3ffff pref]
[    0.558105] pci 0000:00:08.0: PCI bridge to [bus 0a-0c]
[    0.558108] pci 0000:00:08.0:   bridge window [io  0x5000-0x5fff]
[    0.558113] pci 0000:00:08.0:   bridge window [mem 0xfbf00000-0xfbffffff]
[    0.558119] pci 0000:00:09.0: PCI bridge to [bus 07-09]
[    0.558128] pci 0000:00:0a.0: PCI bridge to [bus 06]
[    0.558137] pci 0000:02:00.0: BAR 6: can't assign mem pref (size 0x10000)
[    0.558140] pci 0000:02:00.1: BAR 6: can't assign mem pref (size 0x10000)
[    0.558143] pci 0000:00:1c.0: PCI bridge to [bus 02]
[    0.558148] pci 0000:00:1c.0:   bridge window [mem 0xf2000000-0xf5ffffff]
[    0.558157] pci 0000:03:00.0: BAR 6: can't assign mem pref (size 0x10000)
[    0.558160] pci 0000:03:00.1: BAR 6: can't assign mem pref (size 0x10000)
[    0.558162] pci 0000:00:1c.2: PCI bridge to [bus 03]
[    0.558167] pci 0000:00:1c.2:   bridge window [mem 0xf6000000-0xf9ffffff]
[    0.558177] pci 0000:01:03.0: BAR 6: assigned [mem 0xf1e00000-0xf1e1ffff pref]
[    0.558180] pci 0000:01:04.2: BAR 6: assigned [mem 0xf1e20000-0xf1e2ffff pref]
[    0.558184] pci 0000:00:1e.0: PCI bridge to [bus 01]
[    0.558187] pci 0000:00:1e.0:   bridge window [io  0x2000-0x3fff]
[    0.558192] pci 0000:00:1e.0:   bridge window [mem 0xf1e00000-0xf1ffffff]
[    0.558197] pci 0000:00:1e.0:   bridge window [mem 0xe8000000-0xefffffff 64bit pref]
[    0.558204] pci_bus 0000:00: resource 4 [mem 0xe7000000-0xfbffffff]
[    0.558205] pci_bus 0000:00: resource 5 [io  0x1000-0x5fff]
[    0.558207] pci_bus 0000:00: resource 6 [io  0x0000-0x03af]
[    0.558209] pci_bus 0000:00: resource 7 [io  0x03e0-0x0cf7]
[    0.558210] pci_bus 0000:00: resource 8 [io  0x0d00-0x0fff]
[    0.558212] pci_bus 0000:00: resource 9 [mem 0xfed00000-0xfed44fff]
[    0.558213] pci_bus 0000:00: resource 10 [io  0x03b0-0x03bb]
[    0.558215] pci_bus 0000:00: resource 11 [io  0x03c0-0x03df]
[    0.558217] pci_bus 0000:00: resource 12 [mem 0x000a0000-0x000bffff]
[    0.558218] pci_bus 0000:04: resource 0 [io  0x4000-0x4fff]
[    0.558220] pci_bus 0000:04: resource 1 [mem 0xfbb00000-0xfbdfffff]
[    0.558222] pci_bus 0000:0a: resource 0 [io  0x5000-0x5fff]
[    0.558224] pci_bus 0000:0a: resource 1 [mem 0xfbf00000-0xfbffffff]
[    0.558226] pci_bus 0000:02: resource 1 [mem 0xf2000000-0xf5ffffff]
[    0.558228] pci_bus 0000:03: resource 1 [mem 0xf6000000-0xf9ffffff]
[    0.558230] pci_bus 0000:01: resource 0 [io  0x2000-0x3fff]
[    0.558231] pci_bus 0000:01: resource 1 [mem 0xf1e00000-0xf1ffffff]
[    0.558233] pci_bus 0000:01: resource 2 [mem 0xe8000000-0xefffffff 64bit pref]
[    0.558234] pci_bus 0000:01: resource 4 [mem 0xe7000000-0xfbffffff]
[    0.558236] pci_bus 0000:01: resource 5 [io  0x1000-0x5fff]
[    0.558238] pci_bus 0000:01: resource 6 [io  0x0000-0x03af]
[    0.558239] pci_bus 0000:01: resource 7 [io  0x03e0-0x0cf7]
[    0.558241] pci_bus 0000:01: resource 8 [io  0x0d00-0x0fff]
[    0.558242] pci_bus 0000:01: resource 9 [mem 0xfed00000-0xfed44fff]
[    0.558244] pci_bus 0000:01: resource 10 [io  0x03b0-0x03bb]
[    0.558245] pci_bus 0000:01: resource 11 [io  0x03c0-0x03df]
[    0.558247] pci_bus 0000:01: resource 12 [mem 0x000a0000-0x000bffff]
[    0.558250] pci_bus 0000:3e: resource 4 [io  0x0000-0xffff]
[    0.558252] pci_bus 0000:3e: resource 5 [mem 0x00000000-0xffffffffff]
[    0.558255] pci_bus 0000:3f: resource 4 [io  0x0000-0xffff]
[    0.558257] pci_bus 0000:3f: resource 5 [mem 0x00000000-0xffffffffff]
[    0.558297] NET: Registered protocol family 2
[    0.558609] TCP established hash table entries: 65536 (order: 7, 524288 bytes)
[    0.558789] TCP bind hash table entries: 65536 (order: 8, 1048576 bytes)
[    0.558990] TCP: Hash tables configured (established 65536 bind 65536)
[    0.559023] TCP: reno registered
[    0.559042] UDP hash table entries: 4096 (order: 5, 131072 bytes)
[    0.559076] UDP-Lite hash table entries: 4096 (order: 5, 131072 bytes)
[    0.559216] NET: Registered protocol family 1
[    0.575810] pci 0000:01:03.0: Video device with shadowed ROM
[    0.576556] PCI: CLS 64 bytes, default 64
[    0.576613] Trying to unpack rootfs image as initramfs...
[    0.957732] Freeing initrd memory: 19932K (ffff880035902000 - ffff880036c79000)
[    0.957870] PCI-DMA: Using software bounce buffering for IO (SWIOTLB)
[    0.957875] software IO TLB [mem 0xdb61f000-0xdf61f000] (64MB) mapped at [ffff8800db61f000-ffff8800df61efff]
[    0.958554] microcode: CPU0 sig=0x106a5, pf=0x1, revision=0x16
[    0.958564] microcode: CPU1 sig=0x106a5, pf=0x1, revision=0x16
[    0.958581] microcode: CPU2 sig=0x106a5, pf=0x1, revision=0x16
[    0.958592] microcode: CPU3 sig=0x106a5, pf=0x1, revision=0x16
[    0.958604] microcode: CPU4 sig=0x106a5, pf=0x1, revision=0x16
[    0.958614] microcode: CPU5 sig=0x106a5, pf=0x1, revision=0x16
[    0.958626] microcode: CPU6 sig=0x106a5, pf=0x1, revision=0x16
[    0.958636] microcode: CPU7 sig=0x106a5, pf=0x1, revision=0x16
[    0.958648] microcode: CPU8 sig=0x106a5, pf=0x1, revision=0x16
[    0.958659] microcode: CPU9 sig=0x106a5, pf=0x1, revision=0x16
[    0.958669] microcode: CPU10 sig=0x106a5, pf=0x1, revision=0x16
[    0.958679] microcode: CPU11 sig=0x106a5, pf=0x1, revision=0x16
[    0.958689] microcode: CPU12 sig=0x106a5, pf=0x1, revision=0x16
[    0.958702] microcode: CPU13 sig=0x106a5, pf=0x1, revision=0x16
[    0.958712] microcode: CPU14 sig=0x106a5, pf=0x1, revision=0x16
[    0.958722] microcode: CPU15 sig=0x106a5, pf=0x1, revision=0x16
[    0.958813] microcode: Microcode Update Driver: v2.00 <tigran@aivazian.fsnet.co.uk>, Peter Oruba
[    0.958867] Scanning for low memory corruption every 60 seconds
[    0.959859] futex hash table entries: 8192 (order: 7, 524288 bytes)
[    0.959956] Initialise system trusted keyring
[    0.960011] audit: initializing netlink subsys (disabled)
[    0.960048] audit: type=2000 audit(1450561110.824:1): initialized
[    0.960608] HugeTLB registered 2 MB page size, pre-allocated 0 pages
[    0.962902] zpool: loaded
[    0.962908] zbud: loaded
[    0.963185] VFS: Disk quotas dquot_6.5.2
[    0.963270] Dquot-cache hash table entries: 512 (order 0, 4096 bytes)
[    0.964159] fuse init (API version 7.23)
[    0.964305] msgmni has been set to 15939
[    0.964409] Key type big_key registered
[    0.964843] Key type asymmetric registered
[    0.964850] Asymmetric key parser 'x509' registered
[    0.964912] Block layer SCSI generic (bsg) driver version 0.4 loaded (major 252)
[    0.965007] io scheduler noop registered
[    0.965014] io scheduler deadline registered (default)
[    0.965099] io scheduler cfq registered
[    0.965922] pcieport 0000:00:1c.0: irq 64 for MSI/MSI-X
[    0.966143] pcieport 0000:00:1c.2: irq 65 for MSI/MSI-X
[    0.966272] pci_hotplug: PCI Hot Plug PCI Core version: 0.5
[    0.966299] pciehp: PCI Express Hot Plug Controller Driver version: 0.4
[    0.966385] vesafb: mode is 640x480x32, linelength=2560, pages=0
[    0.966389] vesafb: scrolling: redraw
[    0.966393] vesafb: Truecolor: size=0:8:8:8, shift=0:16:8:0
[    0.977519] vesafb: framebuffer at 0xe8000000, mapped to 0xffffc90004f00000, using 1216k, total 1216k
[    0.989263] Console: switching to colour frame buffer device 80x30
[    1.001172] fb0: VESA VGA frame buffer device
[    1.001455] intel_idle: MWAIT substates: 0x1120
[    1.001478] intel_idle: v0.4 model 0x1A
[    1.001480] intel_idle: lapic_timer_reliable_states 0x2
[    1.002423] input: Power Button as /devices/LNXSYSTM:00/LNXPWRBN:00/input/input0
[    1.002841] ACPI: Power Button [PWRF]
[    1.003888] thermal LNXTHERM:00: registered as thermal_zone0
[    1.011365] ACPI: Thermal Zone [THM0] (8 C)
[    1.018817] ERST: Failed to get Error Log Address Range.
[    1.026436] GHES: APEI firmware first mode is enabled by APEI bit and WHEA _OSC.
[    1.041594] Serial: 8250/16550 driver, 32 ports, IRQ sharing enabled
[    1.069973] 00:04: ttyS0 at I/O 0x3f8 (irq = 4, base_baud = 115200) is a 16550A
[    1.106033] serial8250: ttyS1 at I/O 0x2f8 (irq = 3, base_baud = 115200) is a 16550A
[    1.125408] Linux agpgart interface v0.103
[    1.136079] brd: module loaded
[    1.145741] loop: module loaded
[    1.154200] libphy: Fixed MDIO Bus: probed
[    1.162336] tun: Universal TUN/TAP device driver, 1.6
[    1.170372] tun: (C) 1999-2004 Max Krasnyansky <maxk@qualcomm.com>
[    1.178699] PPP generic driver version 2.4.2
[    1.187010] ehci_hcd: USB 2.0 'Enhanced' Host Controller (EHCI) Driver
[    1.195438] ehci-pci: EHCI PCI platform driver
[    1.203878] ehci-pci 0000:00:1d.7: EHCI Host Controller
[    1.212136] ehci-pci 0000:00:1d.7: new USB bus registered, assigned bus number 1
[    1.228612] ehci-pci 0000:00:1d.7: debug port 1
[    1.240803] ehci-pci 0000:00:1d.7: cache line size of 64 is not supported
[    1.240820] ehci-pci 0000:00:1d.7: irq 20, io mem 0xf1df0000
[    1.260257] ehci-pci 0000:00:1d.7: USB 2.0 started, EHCI 1.00
[    1.268238] usb usb1: New USB device found, idVendor=1d6b, idProduct=0002
[    1.276257] usb usb1: New USB device strings: Mfr=3, Product=2, SerialNumber=1
[    1.291841] usb usb1: Product: EHCI Host Controller
[    1.299661] usb usb1: Manufacturer: Linux 3.16.0-55-generic ehci_hcd
[    1.307551] usb usb1: SerialNumber: 0000:00:1d.7
[    1.315514] hub 1-0:1.0: USB hub found
[    1.323207] hub 1-0:1.0: 8 ports detected
[    1.331069] ehci-platform: EHCI generic platform driver
[    1.338550] ohci_hcd: USB 1.1 'Open' Host Controller (OHCI) Driver
[    1.346025] ohci-pci: OHCI PCI platform driver
[    1.353339] ohci-platform: OHCI generic platform driver
[    1.360560] uhci_hcd: USB Universal Host Controller Interface driver
[    1.367893] uhci_hcd 0000:00:1d.0: UHCI Host Controller
[    1.374975] uhci_hcd 0000:00:1d.0: new USB bus registered, assigned bus number 2
[    1.389141] uhci_hcd 0000:00:1d.0: detected 2 ports
[    1.396501] uhci_hcd 0000:00:1d.0: irq 20, io base 0x00001000
[    1.403919] usb usb2: New USB device found, idVendor=1d6b, idProduct=0001
[    1.411456] usb usb2: New USB device strings: Mfr=3, Product=2, SerialNumber=1
[    1.426316] usb usb2: Product: UHCI Host Controller
[    1.433694] usb usb2: Manufacturer: Linux 3.16.0-55-generic uhci_hcd
[    1.441126] usb usb2: SerialNumber: 0000:00:1d.0
[    1.448672] hub 2-0:1.0: USB hub found
[    1.455971] hub 2-0:1.0: 2 ports detected
[    1.463198] uhci_hcd 0000:00:1d.1: UHCI Host Controller
[    1.470347] uhci_hcd 0000:00:1d.1: new USB bus registered, assigned bus number 3
[    1.484807] uhci_hcd 0000:00:1d.1: detected 2 ports
[    1.492153] uhci_hcd 0000:00:1d.1: irq 23, io base 0x00001020
[    1.499494] usb usb3: New USB device found, idVendor=1d6b, idProduct=0001
[    1.506830] usb usb3: New USB device strings: Mfr=3, Product=2, SerialNumber=1
[    1.521256] usb usb3: Product: UHCI Host Controller
[    1.528598] usb usb3: Manufacturer: Linux 3.16.0-55-generic uhci_hcd
[    1.536068] usb usb3: SerialNumber: 0000:00:1d.1
[    1.543736] hub 3-0:1.0: USB hub found
[    1.551148] hub 3-0:1.0: 2 ports detected
[    1.558573] uhci_hcd 0000:00:1d.2: UHCI Host Controller
[    1.566048] uhci_hcd 0000:00:1d.2: new USB bus registered, assigned bus number 4
[    1.580579] uhci_hcd 0000:00:1d.2: detected 2 ports
[    1.587950] uhci_hcd 0000:00:1d.2: irq 22, io base 0x00001040
[    1.595324] usb usb4: New USB device found, idVendor=1d6b, idProduct=0001
[    1.602688] usb usb4: New USB device strings: Mfr=3, Product=2, SerialNumber=1
[    1.617238] usb usb4: Product: UHCI Host Controller
[    1.624584] usb usb4: Manufacturer: Linux 3.16.0-55-generic uhci_hcd
[    1.632037] usb usb4: SerialNumber: 0000:00:1d.2
[    1.639460] hub 4-0:1.0: USB hub found
[    1.644768] usb 1-1: new high-speed USB device number 2 using ehci-pci
[    1.653965] hub 4-0:1.0: 2 ports detected
[    1.661374] uhci_hcd 0000:00:1d.3: UHCI Host Controller
[    1.668733] uhci_hcd 0000:00:1d.3: new USB bus registered, assigned bus number 5
[    1.683600] uhci_hcd 0000:00:1d.3: detected 2 ports
[    1.691193] uhci_hcd 0000:00:1d.3: irq 23, io base 0x00001060
[    1.698828] usb usb5: New USB device found, idVendor=1d6b, idProduct=0001
[    1.706397] usb usb5: New USB device strings: Mfr=3, Product=2, SerialNumber=1
[    1.721357] usb usb5: Product: UHCI Host Controller
[    1.728919] usb usb5: Manufacturer: Linux 3.16.0-55-generic uhci_hcd
[    1.736468] usb usb5: SerialNumber: 0000:00:1d.3
[    1.744095] hub 5-0:1.0: USB hub found
[    1.751461] hub 5-0:1.0: 2 ports detected
[    1.758836] uhci_hcd 0000:01:04.4: UHCI Host Controller
[    1.766201] uhci_hcd 0000:01:04.4: new USB bus registered, assigned bus number 6
[    1.779139] usb 1-1: New USB device found, idVendor=058f, idProduct=6335
[    1.779141] usb 1-1: New USB device strings: Mfr=1, Product=2, SerialNumber=3
[    1.779143] usb 1-1: Product: Mass Storage Device
[    1.779145] usb 1-1: Manufacturer: Generic
[    1.779146] usb 1-1: SerialNumber: 058F63356336
[    1.818977] uhci_hcd 0000:01:04.4: detected 8 ports
[    1.826329] uhci_hcd 0000:01:04.4: port count misdetected? forcing to 2 ports
[    1.834584] uhci_hcd 0000:01:04.4: irq 22, io base 0x00003800
[    1.842062] usb usb6: New USB device found, idVendor=1d6b, idProduct=0001
[    1.849773] usb usb6: New USB device strings: Mfr=3, Product=2, SerialNumber=1
[    1.864879] usb usb6: Product: UHCI Host Controller
[    1.872573] usb usb6: Manufacturer: Linux 3.16.0-55-generic uhci_hcd
[    1.880330] usb usb6: SerialNumber: 0000:01:04.4
[    1.888147] hub 6-0:1.0: USB hub found
[    1.895722] hub 6-0:1.0: 2 ports detected
[    1.903166] i8042: PNP: PS/2 Controller [PNP0303:KBD,PNP0f0e:PS2M] at 0x60,0x64 irq 1,12
[    1.920083] serio: i8042 KBD port at 0x60,0x64 irq 1
[    1.927736] serio: i8042 AUX port at 0x60,0x64 irq 12
[    1.935551] mousedev: PS/2 mouse device common for all mice
[    1.943213] rtc_cmos 00:05: RTC can wake from S4
[    1.950775] rtc_cmos 00:05: rtc core: registered rtc_cmos as rtc0
[    1.956951] tsc: Refined TSC clocksource calibration: 2400.078 MHz
[    1.965860] rtc_cmos 00:05: alarms up to one year, y3k, 114 bytes nvram, hpet irqs
[    1.981076] device-mapper: uevent: version 1.0.3
[    1.989208] device-mapper: ioctl: 4.27.0-ioctl (2013-10-30) initialised: dm-devel@redhat.com
[    2.004902] ledtrig-cpu: registered to indicate activity on CPUs
[    2.012900] TCP: cubic registered
[    2.021150] NET: Registered protocol family 10
[    2.029539] NET: Registered protocol family 17
[    2.037185] Key type dns_resolver registered
[    2.045936] Loading compiled-in X.509 certificates
[    2.055189] Loaded X.509 cert 'Magrathea: Glacier signing key: c0e79120a193454330069fccfa63e661c83064f8'
[    2.071095] registered taskstats version 1
[    2.083008] Key type trusted registered
[    2.097702] Key type encrypted registered
[    2.105459] AppArmor: AppArmor sha1 policy hashing enabled
[    2.113118] ima: No TPM chip found, activating TPM-bypass!
[    2.120830] evm: HMAC attrs: 0x1
[    2.129320]   Magic number: 11:275:652
[    2.136906] acpi LNXCPU:05: hash matches
[    2.145268] rtc_cmos 00:05: setting system clock to 2015-12-19 21:38:32 UTC (1450561112)
[    2.162263] pcc-cpufreq: (v1.10.00) driver loaded with frequency limits: 1600 MHz, 2400 MHz
[    2.164566] BIOS EDD facility v0.16 2004-Jun-25, 0 devices found
[    2.172268] EDD information not available.
[    2.180129] PM: Hibernation image not present or could not be loaded.
[    2.183709] Freeing unused kernel memory: 1356K (ffffffff81d1c000 - ffffffff81e6f000)
[    2.199650] Write protecting the kernel read-only data: 12288k
[    2.211620] Freeing unused kernel memory: 544K (ffff880001778000 - ffff880001800000)
[    2.213406] usb 6-1: new full-speed USB device number 2 using uhci_hcd
[    2.239104] Freeing unused kernel memory: 480K (ffff880001b88000 - ffff880001c00000)
[    2.279897] systemd-udevd[249]: starting version 204
[    2.309214] Floppy drive(s): fd0 is 1.44M
[    2.317970] HP HPSA Driver (v 3.4.4-1)
[    2.335037] hpsa 0000:04:00.0: can't disable ASPM; OS doesn't have ASPM control
[    2.335126] hpsa 0000:04:00.0: MSIX
[    2.335161] hpsa 0000:04:00.0: irq 66 for MSI/MSI-X
[    2.335169] hpsa 0000:04:00.0: irq 67 for MSI/MSI-X
[    2.335176] hpsa 0000:04:00.0: irq 68 for MSI/MSI-X
[    2.335186] hpsa 0000:04:00.0: irq 69 for MSI/MSI-X
[    2.335192] hpsa 0000:04:00.0: irq 70 for MSI/MSI-X
[    2.335200] hpsa 0000:04:00.0: irq 71 for MSI/MSI-X
[    2.335207] hpsa 0000:04:00.0: irq 72 for MSI/MSI-X
[    2.335214] hpsa 0000:04:00.0: irq 73 for MSI/MSI-X
[    2.335221] hpsa 0000:04:00.0: irq 74 for MSI/MSI-X
[    2.335229] hpsa 0000:04:00.0: irq 75 for MSI/MSI-X
[    2.335236] hpsa 0000:04:00.0: irq 76 for MSI/MSI-X
[    2.335243] hpsa 0000:04:00.0: irq 77 for MSI/MSI-X
[    2.335251] hpsa 0000:04:00.0: irq 78 for MSI/MSI-X
[    2.335259] hpsa 0000:04:00.0: irq 79 for MSI/MSI-X
[    2.335294] hpsa 0000:04:00.0: irq 80 for MSI/MSI-X
[    2.335311] hpsa 0000:04:00.0: irq 81 for MSI/MSI-X
[    2.335410] hpsa 0000:04:00.0: Logical aborts not supported
[    2.355678] hpsa 0000:04:00.0: hpsa0: <0x323a> at IRQ 66 using DAC
[    2.360269] usb 6-1: New USB device found, idVendor=03f0, idProduct=1027
[    2.360270] usb 6-1: New USB device strings: Mfr=1, Product=2, SerialNumber=0
[    2.360272] usb 6-1: Product: Virtual Keyboard
[    2.360273] usb 6-1: Manufacturer: HP
[    2.373850] scsi0 : hpsa
[    2.379085] hpsa 0000:04:00.0: RAID              device c0b3t0l0 added.
[    2.379088] hpsa 0000:04:00.0: Direct-Access     device c0b0t0l0 added.
[    2.379090] hpsa 0000:04:00.0: Direct-Access     device c0b0t0l1 added.
[    2.379091] hpsa 0000:04:00.0: Direct-Access     device c0b0t0l2 added.
[    2.379093] hpsa 0000:04:00.0: Direct-Access     device c0b0t0l3 added.
[    2.379095] hpsa 0000:04:00.0: Direct-Access     device c0b0t0l4 added.
[    2.379097] hpsa 0000:04:00.0: Direct-Access     device c0b0t0l5 added.
[    2.379098] hpsa 0000:04:00.0: Direct-Access     device c0b0t0l6 added.
[    2.379368] scsi 0:3:0:0: RAID              HP       P410i            5.70 PQ: 0 ANSI: 5
[    2.379753] pps_core: LinuxPPS API ver. 1 registered
[    2.379754] pps_core: Software ver. 5.3.6 - Copyright 2005-2007 Rodolfo Giometti <giometti@linux.it>
[    2.379868] scsi 0:0:0:0: Direct-Access     HP       LOGICAL VOLUME   5.70 PQ: 0 ANSI: 5
[    2.380414] scsi 0:0:0:1: Direct-Access     HP       LOGICAL VOLUME   5.70 PQ: 0 ANSI: 5
[    2.380900] scsi 0:0:0:2: Direct-Access     HP       LOGICAL VOLUME   5.70 PQ: 0 ANSI: 5
[    2.381457] scsi 0:0:0:3: Direct-Access     HP       LOGICAL VOLUME   5.70 PQ: 0 ANSI: 5
[    2.382025] scsi 0:0:0:4: Direct-Access     HP       LOGICAL VOLUME   5.70 PQ: 0 ANSI: 5
[    2.382548] scsi 0:0:0:5: Direct-Access     HP       LOGICAL VOLUME   5.70 PQ: 0 ANSI: 5
[    2.383119] scsi 0:0:0:6: Direct-Access     HP       LOGICAL VOLUME   5.70 PQ: 0 ANSI: 5
[    2.383699] scsi 0:3:0:0: Attached scsi generic sg0 type 12
[    2.384191] sd 0:0:0:0: Attached scsi generic sg1 type 0
[    2.384310] sd 0:0:0:0: [sda] 1953459632 512-byte logical blocks: (1.00 TB/931 GiB)
[    2.384311] sd 0:0:0:0: [sda] 4096-byte physical blocks
[    2.384621] sd 0:0:0:1: Attached scsi generic sg2 type 0
[    2.384753] sd 0:0:0:0: [sda] Write Protect is off
[    2.384755] sd 0:0:0:0: [sda] Mode Sense: 6b 00 00 08
[    2.384991] sd 0:0:0:0: [sda] Write cache: disabled, read cache: enabled, doesn't support DPO or FUA
[    2.385054] sd 0:0:0:1: [sdb] 1953459632 512-byte logical blocks: (1.00 TB/931 GiB)
[    2.385055] sd 0:0:0:1: [sdb] 4096-byte physical blocks
[    2.385091] sd 0:0:0:2: Attached scsi generic sg3 type 0
[    2.385161] sd 0:0:0:2: [sdc] 500044800 512-byte logical blocks: (256 GB/238 GiB)
[    2.385240] sd 0:0:0:2: [sdc] 4096-byte physical blocks
[    2.385617] sd 0:0:0:2: [sdc] Write Protect is off
[    2.385619] sd 0:0:0:2: [sdc] Mode Sense: 6b 00 00 08
[    2.385686] sd 0:0:0:1: [sdb] Write Protect is off
[    2.385688] sd 0:0:0:1: [sdb] Mode Sense: 6b 00 00 08
[    2.385718] sd 0:0:0:3: Attached scsi generic sg4 type 0
[    2.385792] sd 0:0:0:3: [sdd] 488327040 512-byte logical blocks: (250 GB/232 GiB)
[    2.385794] sd 0:0:0:3: [sdd] 4096-byte physical blocks
[    2.386071] sd 0:0:0:2: [sdc] Write cache: disabled, read cache: enabled, doesn't support DPO or FUA
[    2.386153] sd 0:0:0:1: [sdb] Write cache: disabled, read cache: enabled, doesn't support DPO or FUA
[    2.386309] sd 0:0:0:3: [sdd] Write Protect is off
[    2.386311] sd 0:0:0:3: [sdd] Mode Sense: 6b 00 00 08
[    2.386370] sd 0:0:0:4: Attached scsi generic sg5 type 0
[    2.386603] sd 0:0:0:3: [sdd] Write cache: disabled, read cache: enabled, doesn't support DPO or FUA
[    2.386872] sd 0:0:0:5: Attached scsi generic sg6 type 0
[    2.386904] sd 0:0:0:4: [sde] 1953459632 512-byte logical blocks: (1.00 TB/931 GiB)
[    2.386907] sd 0:0:0:4: [sde] 4096-byte physical blocks
[    2.387174] sd 0:0:0:5: [sdf] 1953459632 512-byte logical blocks: (1.00 TB/931 GiB)
[    2.387176] sd 0:0:0:5: [sdf] 4096-byte physical blocks
[    2.387472] sd 0:0:0:6: Attached scsi generic sg7 type 0
[    2.387640] sd 0:0:0:4: [sde] Write Protect is off
[    2.387642] sd 0:0:0:4: [sde] Mode Sense: 6b 00 00 08
[    2.387990] sd 0:0:0:5: [sdf] Write Protect is off
[    2.387991] sd 0:0:0:5: [sdf] Mode Sense: 6b 00 00 08
[    2.388046] sd 0:0:0:6: [sdg] 500044800 512-byte logical blocks: (256 GB/238 GiB)
[    2.388047] sd 0:0:0:6: [sdg] 4096-byte physical blocks
[    2.388207] sd 0:0:0:4: [sde] Write cache: disabled, read cache: enabled, doesn't support DPO or FUA
[    2.388479] sd 0:0:0:5: [sdf] Write cache: disabled, read cache: enabled, doesn't support DPO or FUA
[    2.388796] sd 0:0:0:6: [sdg] Write Protect is off
[    2.388798] sd 0:0:0:6: [sdg] Mode Sense: 6b 00 00 08
[    2.389098] sd 0:0:0:6: [sdg] Write cache: disabled, read cache: enabled, doesn't support DPO or FUA
[    2.392218]  sdc: sdc1 sdc9
[    2.392366]  sdg: sdg1 sdg9
[    2.392465]  sdd: sdd1 sdd9
[    2.393684] sd 0:0:0:6: [sdg] Attached SCSI disk
[    2.394192] sd 0:0:0:2: [sdc] Attached SCSI disk
[    2.394371] sd 0:0:0:3: [sdd] Attached SCSI disk
[    2.435847]  sdb: sdb1 sdb9
[    2.437133] sd 0:0:0:1: [sdb] Attached SCSI disk
[    2.440657]  sde: sde1 sde9
[    2.441982] sd 0:0:0:4: [sde] Attached SCSI disk
[    2.442034]  sda: sda1 sda9
[    2.443829] sd 0:0:0:0: [sda] Attached SCSI disk
[    2.530504] PTP clock support registered
[    2.530524] bnx2: Broadcom NetXtreme II Gigabit Ethernet Driver bnx2 v2.2.5 (December 20, 2013)
[    2.531686] bnx2 0000:02:00.0 eth0: Broadcom NetXtreme II BCM5709 1000Base-T (C0) PCI Express found at mem f4000000, IRQ 16, node addr 78:e7:d1:e5:cd:22
[    2.532727] bnx2 0000:02:00.1 eth1: Broadcom NetXtreme II BCM5709 1000Base-T (C0) PCI Express found at mem f2000000, IRQ 17, node addr 78:e7:d1:e5:cd:24
[    2.533811] bnx2 0000:03:00.0 eth2: Broadcom NetXtreme II BCM5709 1000Base-T (C0) PCI Express found at mem f8000000, IRQ 18, node addr 78:e7:d1:e5:cd:26
[    2.534810] bnx2 0000:03:00.1 eth3: Broadcom NetXtreme II BCM5709 1000Base-T (C0) PCI Express found at mem f6000000, IRQ 19, node addr 78:e7:d1:e5:cd:28
[    2.792564] e1000e: Intel(R) PRO/1000 Network Driver - 2.3.2-k
[    2.792565] e1000e: Copyright(c) 1999 - 2014 Intel Corporation.
[    2.792568] hidraw: raw HID events driver (C) Jiri Kosina
[    2.792718] e1000e 0000:0a:00.0: Interrupt Throttling Rate (ints/sec) set to dynamic conservative mode
[    2.792734] e1000e 0000:0a:00.0: irq 82 for MSI/MSI-X
[    2.807148]  sdf: sdf1 sdf9
[    2.808340] sd 0:0:0:5: [sdf] Attached SCSI disk
[    2.897999] random: nonblocking pool is initialized
[    3.263699] Switched to clocksource tsc
[    3.273132] usb-storage 1-1:1.0: USB Mass Storage device detected
[    3.273555] scsi1 : usb-storage 1-1:1.0
[    3.273675] usbcore: registered new interface driver usb-storage
[    3.276971] usbcore: registered new interface driver uas
[    3.281811] usbcore: registered new interface driver usbhid
[    3.281811] usbhid: USB HID core driver
[    3.334149] input: HP Virtual Keyboard as /devices/pci0000:00/0000:00:1e.0/0000:01:04.4/usb6/6-1/6-1:1.0/0003:03F0:1027.0001/input/input4
[    3.353676] hid-generic 0003:03F0:1027.0001: input,hidraw0: USB HID v1.01 Keyboard [HP Virtual Keyboard] on usb-0000:01:04.4-1/input0
[    3.354134] systemd-udevd[259]: renamed network interface eth3 to em4
[    3.390934] input: HP Virtual Keyboard as /devices/pci0000:00/0000:00:1e.0/0000:01:04.4/usb6/6-1/6-1:1.1/0003:03F0:1027.0002/input/input5
[    3.391285] hid-generic 0003:03F0:1027.0002: input,hidraw1: USB HID v1.01 Mouse [HP Virtual Keyboard] on usb-0000:01:04.4-1/input1
[    3.450415] systemd-udevd[258]: renamed network interface eth2 to em3
[    3.450779] e1000e 0000:0a:00.0 eth2: (PCI Express:2.5GT/s:Width x4) 00:26:55:da:ad:bc
[    3.450781] e1000e 0000:0a:00.0 eth2: Intel(R) PRO/1000 Network Connection
[    3.450864] e1000e 0000:0a:00.0 eth2: MAC: 0, PHY: 4, PBA No: D51930-007
[    3.451038] e1000e 0000:0a:00.1: Interrupt Throttling Rate (ints/sec) set to dynamic conservative mode
[    3.451054] e1000e 0000:0a:00.1: irq 83 for MSI/MSI-X
[    3.530483] systemd-udevd[255]: renamed network interface eth0 to em1
[    3.550526] systemd-udevd[257]: renamed network interface eth1 to em2
[    3.671156] e1000e 0000:0a:00.1 eth0: (PCI Express:2.5GT/s:Width x4) 00:26:55:da:ad:bd
[    3.689939] e1000e 0000:0a:00.1 eth0: Intel(R) PRO/1000 Network Connection
[    3.699738] e1000e 0000:0a:00.1 eth0: MAC: 0, PHY: 4, PBA No: D51930-007
[    3.738666] systemd-udevd[252]: renamed network interface eth0 to p2p2
[    3.754566] systemd-udevd[251]: renamed network interface eth2 to p2p1
[    4.271788] scsi 1:0:0:0: Direct-Access     Single   Flash Reader     1.00 PQ: 0 ANSI: 0
[    4.291904] sd 1:0:0:0: Attached scsi generic sg8 type 0
[    4.643992] sd 1:0:0:0: [sdh] 15523840 512-byte logical blocks: (7.94 GB/7.40 GiB)
[    4.664497] sd 1:0:0:0: [sdh] Write Protect is off
[    4.674083] sd 1:0:0:0: [sdh] Mode Sense: 03 00 00 00
[    4.675255] sd 1:0:0:0: [sdh] No Caching mode page found
[    4.684682] sd 1:0:0:0: [sdh] Assuming drive cache: write through
[    4.710031]  sdh: sdh1 sdh2 < sdh5 >
[    4.723948] sd 1:0:0:0: [sdh] Attached SCSI removable disk
[    5.201846] EXT4-fs (dm-0): mounted filesystem with ordered data mode. Opts: (null)
[    5.343804] floppy0: no floppy controllers found
[    5.974691] init: plymouth-upstart-bridge main process (411) terminated with status 1
[    5.991879] init: plymouth-upstart-bridge main process ended, respawning
[    6.288480] zavl: module license 'CDDL' taints kernel.
[    6.297150] Disabling lock debugging due to kernel taint
[    6.306047] zavl: module verification failed: signature and/or  required key missing - tainting kernel
[    6.357808] SPL: Loaded module v0.6.5.3-1~trusty
[    6.665364] ZFS: Loaded module v0.6.5.3-1~trusty, ZFS pool version 5000, ZFS filesystem version 5
[    8.818439] Adding 286716k swap on /dev/mapper/dl380--vg-swap_1.  Priority:-1 extents:1 across:286716k FS
[    8.888989] systemd-udevd[775]: starting version 204
[    8.911235] lp: driver loaded but no devices found
[    8.943913] power_meter ACPI000D:00: Found ACPI power meter.
[    8.944003] power_meter ACPI000D:00: Ignoring unsafe software power cap!
[    8.953757] ipmi message handler version 39.2
[    8.955832] IPMI System Interface driver.
[    8.955862] ipmi_si 0000:01:04.6: probing via PCI
[    8.955950] ipmi_si 0000:01:04.6: [mem 0xf1ef0000-0xf1ef00ff] regsize 1 spacing 1 irq 21
[    8.955952] ipmi_si: Adding PCI-specified kcs state machine
[    8.955992] ipmi_si: probing via ACPI
[    8.956008] ipmi_si 00:01: [io  0x0ca2-0x0ca3] regsize 1 spacing 1 irq 0
[    8.956010] ipmi_si: Adding ACPI-specified kcs state machine
[    8.956025] ipmi_si: probing via SMBIOS
[    8.956028] ipmi_si: SMBIOS: io 0xca2 regsize 1 spacing 1 irq 0
[    8.956029] ipmi_si: Adding SMBIOS-specified kcs state machine duplicate interface
[    8.956032] ipmi_si: probing via SPMI
[    8.956034] ipmi_si: SPMI: io 0xca2 regsize 2 spacing 2 irq 0
[    8.956035] ipmi_si: Adding SPMI-specified kcs state machine duplicate interface
[    8.956038] ipmi_si: Trying PCI-specified kcs state machine at mem address 0xf1ef0000, slave address 0x0, irq 21
[    8.956656] shpchp: Standard Hot Plug PCI Controller Driver version: 0.4
[    8.956699] Floppy drive(s): fd0 is 1.44M
[    8.969509] EDAC MC: Ver: 3.0.0
[    8.972557] EDAC MC1: Giving out device to module i7core_edac.c controller i7 core #1: DEV 0000:3e:03.0 (POLLED)
[    8.972667] EDAC PCI0: Giving out device to module i7core_edac controller EDAC PCI controller: DEV 0000:3e:03.0 (POLLED)
[    8.972996] EDAC MC0: Giving out device to module i7core_edac.c controller i7 core #0: DEV 0000:3f:03.0 (POLLED)
[    8.973049] EDAC PCI1: Giving out device to module i7core_edac controller EDAC PCI controller: DEV 0000:3f:03.0 (POLLED)
[    8.973239] EDAC i7core: Driver loaded, 2 memory controller(s) found.
[    8.975860] ACPI Warning: SystemIO range 0x0000000000000928-0x000000000000092F conflicts with OpRegion 0x0000000000000920-0x000000000000092F (\SGPE) (20140424/utaddress-254)
[    8.975866] ACPI: If an ACPI driver is available for this device, you should use it instead of the native driver
[    8.975890] lpc_ich: Resource conflict(s) found affecting gpio_ich
[    8.986546] [drm] Initialized drm 1.1.0 20060810
[    9.006884] kvm: VM_EXIT_LOAD_IA32_PERF_GLOBAL_CTRL does not work properly. Using workaround
[    9.027922] audit: type=1400 audit(1450561119.375:2): apparmor="STATUS" operation="profile_load" profile="unconfined" name="/sbin/dhclient" pid=856 comm="apparmor_parser"
[    9.027930] audit: type=1400 audit(1450561119.375:3): apparmor="STATUS" operation="profile_load" profile="unconfined" name="/usr/lib/NetworkManager/nm-dhcp-client.action" pid=856 comm="apparmor_parser"
[    9.027935] audit: type=1400 audit(1450561119.375:4): apparmor="STATUS" operation="profile_load" profile="unconfined" name="/usr/lib/connman/scripts/dhclient-script" pid=856 comm="apparmor_parser"
[    9.028570] audit: type=1400 audit(1450561119.375:5): apparmor="STATUS" operation="profile_replace" profile="unconfined" name="/usr/lib/NetworkManager/nm-dhcp-client.action" pid=856 comm="apparmor_parser"
[    9.028578] audit: type=1400 audit(1450561119.375:6): apparmor="STATUS" operation="profile_replace" profile="unconfined" name="/usr/lib/connman/scripts/dhclient-script" pid=856 comm="apparmor_parser"
[    9.028922] audit: type=1400 audit(1450561119.375:7): apparmor="STATUS" operation="profile_replace" profile="unconfined" name="/usr/lib/connman/scripts/dhclient-script" pid=856 comm="apparmor_parser"
[    9.030767] audit: type=1400 audit(1450561119.379:8): apparmor="STATUS" operation="profile_replace" profile="unconfined" name="/sbin/dhclient" pid=853 comm="apparmor_parser"
[    9.030772] audit: type=1400 audit(1450561119.379:9): apparmor="STATUS" operation="profile_replace" profile="unconfined" name="/usr/lib/NetworkManager/nm-dhcp-client.action" pid=853 comm="apparmor_parser"
[    9.030775] audit: type=1400 audit(1450561119.379:10): apparmor="STATUS" operation="profile_replace" profile="unconfined" name="/usr/lib/connman/scripts/dhclient-script" pid=853 comm="apparmor_parser"
[    9.030926] audit: type=1400 audit(1450561119.379:11): apparmor="STATUS" operation="profile_replace" profile="unconfined" name="/sbin/dhclient" pid=854 comm="apparmor_parser"
[    9.040573] gpio_ich: GPIO from 195 to 255 on gpio_ich
[    9.060431] [drm] radeon kernel modesetting enabled.
[    9.060513] checking generic (e8000000 130000) vs hw (e8000000 8000000)
[    9.060514] fb: switching to radeondrmfb from VESA VGA
[    9.060549] Console: switching to colour dummy device 80x25
[    9.060920] [drm] initializing kernel modesetting (RV100 0x1002:0x515E 0x103C:0x31FB).
[    9.060935] [drm] register mmio base: 0xF1FF0000
[    9.060937] [drm] register mmio size: 65536
[    9.060996] radeon 0000:01:03.0: VRAM: 128M 0x00000000E8000000 - 0x00000000EFFFFFFF (64M used)
[    9.060998] radeon 0000:01:03.0: GTT: 512M 0x00000000C8000000 - 0x00000000E7FFFFFF
[    9.061004] [drm] Detected VRAM RAM=128M, BAR=128M
[    9.061005] [drm] RAM width 16bits DDR
[    9.061124] [TTM] Zone  kernel: Available graphics memory: 4081646 kiB
[    9.061125] [TTM] Zone   dma32: Available graphics memory: 2097152 kiB
[    9.061127] [TTM] Initializing pool allocator
[    9.061131] [TTM] Initializing DMA pool allocator
[    9.061149] [drm] radeon: 64M of VRAM memory ready
[    9.061151] [drm] radeon: 512M of GTT memory ready.
[    9.061162] [drm] GART: num cpu pages 131072, num gpu pages 131072
[    9.082258] [drm] PCI GART of 512M enabled (table at 0x00000000D8180000).
[    9.082285] radeon 0000:01:03.0: WB disabled
[    9.082291] radeon 0000:01:03.0: fence driver on ring 0 use gpu addr 0x00000000c8000000 and cpu addr 0xffff88003590f000
[    9.082293] [drm] Supports vblank timestamp caching Rev 2 (21.10.2013).
[    9.082294] [drm] Driver supports precise vblank timestamp query.
[    9.082306] [drm] radeon: irq initialized.
[    9.082316] [drm] Loading R100 Microcode
[    9.137978] [drm] radeon: ring at 0x00000000C8001000
[    9.138007] [drm] ring test succeeded in 1 usecs
[    9.184993] bnx2 0000:02:00.0: irq 84 for MSI/MSI-X
[    9.185004] bnx2 0000:02:00.0: irq 85 for MSI/MSI-X
[    9.185013] bnx2 0000:02:00.0: irq 86 for MSI/MSI-X
[    9.185022] bnx2 0000:02:00.0: irq 87 for MSI/MSI-X
[    9.185030] bnx2 0000:02:00.0: irq 88 for MSI/MSI-X
[    9.185037] bnx2 0000:02:00.0: irq 89 for MSI/MSI-X
[    9.185045] bnx2 0000:02:00.0: irq 90 for MSI/MSI-X
[    9.185053] bnx2 0000:02:00.0: irq 91 for MSI/MSI-X
[    9.185062] bnx2 0000:02:00.0: irq 92 for MSI/MSI-X
[    9.244102] bnx2 0000:02:00.0 em1: using MSIX
[    9.244143] IPv6: ADDRCONF(NETDEV_UP): em1: link is not ready
[    9.318997] ipmi_si 0000:01:04.6: Using irq 21
[    9.427829] ipmi_si 0000:01:04.6: Found new BMC (man_id: 0x00000b, prod_id: 0x2000, dev_id: 0x11)
[    9.427840] ipmi_si 0000:01:04.6: IPMI kcs interface initialized
[    9.559475] EXT4-fs (dm-0): re-mounted. Opts: errors=remount-ro
[    9.635161] [drm] ib test succeeded in 0 usecs
[    9.635701] [drm] No TV DAC info found in BIOS
[    9.635763] [drm] Radeon Display Connectors
[    9.635766] [drm] Connector 0:
[    9.635768] [drm]   VGA-1
[    9.635772] [drm]   DDC: 0x60 0x60 0x60 0x60 0x60 0x60 0x60 0x60
[    9.635774] [drm]   Encoders:
[    9.635776] [drm]     CRT1: INTERNAL_DAC1
[    9.635778] [drm] Connector 1:
[    9.635780] [drm]   VGA-2
[    9.635783] [drm]   DDC: 0x6c 0x6c 0x6c 0x6c 0x6c 0x6c 0x6c 0x6c
[    9.635785] [drm]   Encoders:
[    9.635787] [drm]     CRT2: INTERNAL_DAC2
[    9.671972] [drm] fb mappable at 0xE8040000
[    9.671974] [drm] vram apper at 0xE8000000
[    9.671974] [drm] size 786432
[    9.671975] [drm] fb depth is 8
[    9.671976] [drm]    pitch is 1024
[    9.672193] fbcon: radeondrmfb (fb0) is primary device
[    9.816447] Console: switching to colour frame buffer device 128x48
[    9.824246] radeon 0000:01:03.0: fb0: radeondrmfb frame buffer device
[    9.824247] radeon 0000:01:03.0: registered panic notifier
[    9.831550] [drm] Initialized radeon 2.39.0 20080528 for 0000:01:03.0 on minor 0
[   11.173000] EXT4-fs (dm-2): mounted filesystem with ordered data mode. Opts: (null)
[   11.311185] EXT4-fs (sdh1): mounting ext2 file system using the ext4 subsystem
[   11.323070] EXT4-fs (sdh1): mounted filesystem without journal. Opts: (null)
[   11.981216] floppy0: no floppy controllers found
[   11.981230] work still pending
[   12.394453] bnx2 0000:02:00.0 em1: NIC Copper Link is Up, 1000 Mbps full duplex
[   12.394459] 
[   12.394547] IPv6: ADDRCONF(NETDEV_CHANGE): em1: link becomes ready
[   16.181928] init: failsafe main process (1253) killed by TERM signal
[   16.226636] audit_printk_skb: 78 callbacks suppressed
[   16.226637] audit: type=1400 audit(1450561126.567:38): apparmor="STATUS" operation="profile_load" profile="unconfined" name="/usr/sbin/tcpdump" pid=1549 comm="apparmor_parser"
[   16.226901] audit: type=1400 audit(1450561126.567:39): apparmor="STATUS" operation="profile_replace" profile="unconfined" name="/sbin/dhclient" pid=1547 comm="apparmor_parser"
[   16.226907] audit: type=1400 audit(1450561126.567:40): apparmor="STATUS" operation="profile_replace" profile="unconfined" name="/usr/lib/NetworkManager/nm-dhcp-client.action" pid=1547 comm="apparmor_parser"
[   16.226911] audit: type=1400 audit(1450561126.567:41): apparmor="STATUS" operation="profile_replace" profile="unconfined" name="/usr/lib/connman/scripts/dhclient-script" pid=1547 comm="apparmor_parser"
[   16.227301] audit: type=1400 audit(1450561126.567:42): apparmor="STATUS" operation="profile_replace" profile="unconfined" name="/usr/lib/NetworkManager/nm-dhcp-client.action" pid=1547 comm="apparmor_parser"
[   16.227304] audit: type=1400 audit(1450561126.567:43): apparmor="STATUS" operation="profile_replace" profile="unconfined" name="/usr/lib/connman/scripts/dhclient-script" pid=1547 comm="apparmor_parser"
[   16.227508] audit: type=1400 audit(1450561126.567:44): apparmor="STATUS" operation="profile_replace" profile="unconfined" name="/usr/lib/connman/scripts/dhclient-script" pid=1547 comm="apparmor_parser"
[   16.905413] init: plymouth-upstart-bridge main process ended, respawning
</pre></samp>
</p>
<a class="anchor" aria-hidden="true" id="system_cpu_info"></a> <h2><small><a href="#system_cpu_info">#</a></small>CPU Info</h2>
<p class="cmd">
<kbd>cat /proc/cpuinfo</kbd>
<br />
<samp><pre>processor	: 0
vendor_id	: GenuineIntel
cpu family	: 6
model		: 26
model name	: Intel(R) Xeon(R) CPU           E5530  @ 2.40GHz
stepping	: 5
microcode	: 0x16
cpu MHz		: 1600.000
cache size	: 8192 KB
physical id	: 0
siblings	: 8
core id		: 0
cpu cores	: 4
apicid		: 0
initial apicid	: 0
fpu		: yes
fpu_exception	: yes
cpuid level	: 11
wp		: yes
flags		: fpu vme de pse tsc msr pae mce cx8 apic sep mtrr pge mca cmov pat pse36 clflush dts acpi mmx fxsr sse sse2 ss ht tm pbe syscall nx rdtscp lm constant_tsc arch_perfmon pebs bts rep_good nopl xtopology nonstop_tsc aperfmperf pni dtes64 monitor ds_cpl vmx est tm2 ssse3 cx16 xtpr pdcm dca sse4_1 sse4_2 popcnt lahf_lm ida dtherm tpr_shadow vnmi flexpriority ept vpid
bogomips	: 4800.64
clflush size	: 64
cache_alignment	: 64
address sizes	: 40 bits physical, 48 bits virtual
power management:

processor	: 1
vendor_id	: GenuineIntel
cpu family	: 6
model		: 26
model name	: Intel(R) Xeon(R) CPU           E5530  @ 2.40GHz
stepping	: 5
microcode	: 0x16
cpu MHz		: 1600.000
cache size	: 8192 KB
physical id	: 1
siblings	: 8
core id		: 0
cpu cores	: 4
apicid		: 16
initial apicid	: 16
fpu		: yes
fpu_exception	: yes
cpuid level	: 11
wp		: yes
flags		: fpu vme de pse tsc msr pae mce cx8 apic sep mtrr pge mca cmov pat pse36 clflush dts acpi mmx fxsr sse sse2 ss ht tm pbe syscall nx rdtscp lm constant_tsc arch_perfmon pebs bts rep_good nopl xtopology nonstop_tsc aperfmperf pni dtes64 monitor ds_cpl vmx est tm2 ssse3 cx16 xtpr pdcm dca sse4_1 sse4_2 popcnt lahf_lm ida dtherm tpr_shadow vnmi flexpriority ept vpid
bogomips	: 4800.06
clflush size	: 64
cache_alignment	: 64
address sizes	: 40 bits physical, 48 bits virtual
power management:

processor	: 2
vendor_id	: GenuineIntel
cpu family	: 6
model		: 26
model name	: Intel(R) Xeon(R) CPU           E5530  @ 2.40GHz
stepping	: 5
microcode	: 0x16
cpu MHz		: 1600.000
cache size	: 8192 KB
physical id	: 0
siblings	: 8
core id		: 2
cpu cores	: 4
apicid		: 4
initial apicid	: 4
fpu		: yes
fpu_exception	: yes
cpuid level	: 11
wp		: yes
flags		: fpu vme de pse tsc msr pae mce cx8 apic sep mtrr pge mca cmov pat pse36 clflush dts acpi mmx fxsr sse sse2 ss ht tm pbe syscall nx rdtscp lm constant_tsc arch_perfmon pebs bts rep_good nopl xtopology nonstop_tsc aperfmperf pni dtes64 monitor ds_cpl vmx est tm2 ssse3 cx16 xtpr pdcm dca sse4_1 sse4_2 popcnt lahf_lm ida dtherm tpr_shadow vnmi flexpriority ept vpid
bogomips	: 4800.64
clflush size	: 64
cache_alignment	: 64
address sizes	: 40 bits physical, 48 bits virtual
power management:

processor	: 3
vendor_id	: GenuineIntel
cpu family	: 6
model		: 26
model name	: Intel(R) Xeon(R) CPU           E5530  @ 2.40GHz
stepping	: 5
microcode	: 0x16
cpu MHz		: 1600.000
cache size	: 8192 KB
physical id	: 1
siblings	: 8
core id		: 2
cpu cores	: 4
apicid		: 20
initial apicid	: 20
fpu		: yes
fpu_exception	: yes
cpuid level	: 11
wp		: yes
flags		: fpu vme de pse tsc msr pae mce cx8 apic sep mtrr pge mca cmov pat pse36 clflush dts acpi mmx fxsr sse sse2 ss ht tm pbe syscall nx rdtscp lm constant_tsc arch_perfmon pebs bts rep_good nopl xtopology nonstop_tsc aperfmperf pni dtes64 monitor ds_cpl vmx est tm2 ssse3 cx16 xtpr pdcm dca sse4_1 sse4_2 popcnt lahf_lm ida dtherm tpr_shadow vnmi flexpriority ept vpid
bogomips	: 4800.06
clflush size	: 64
cache_alignment	: 64
address sizes	: 40 bits physical, 48 bits virtual
power management:

processor	: 4
vendor_id	: GenuineIntel
cpu family	: 6
model		: 26
model name	: Intel(R) Xeon(R) CPU           E5530  @ 2.40GHz
stepping	: 5
microcode	: 0x16
cpu MHz		: 1600.000
cache size	: 8192 KB
physical id	: 0
siblings	: 8
core id		: 1
cpu cores	: 4
apicid		: 2
initial apicid	: 2
fpu		: yes
fpu_exception	: yes
cpuid level	: 11
wp		: yes
flags		: fpu vme de pse tsc msr pae mce cx8 apic sep mtrr pge mca cmov pat pse36 clflush dts acpi mmx fxsr sse sse2 ss ht tm pbe syscall nx rdtscp lm constant_tsc arch_perfmon pebs bts rep_good nopl xtopology nonstop_tsc aperfmperf pni dtes64 monitor ds_cpl vmx est tm2 ssse3 cx16 xtpr pdcm dca sse4_1 sse4_2 popcnt lahf_lm ida dtherm tpr_shadow vnmi flexpriority ept vpid
bogomips	: 4800.64
clflush size	: 64
cache_alignment	: 64
address sizes	: 40 bits physical, 48 bits virtual
power management:

processor	: 5
vendor_id	: GenuineIntel
cpu family	: 6
model		: 26
model name	: Intel(R) Xeon(R) CPU           E5530  @ 2.40GHz
stepping	: 5
microcode	: 0x16
cpu MHz		: 1600.000
cache size	: 8192 KB
physical id	: 1
siblings	: 8
core id		: 1
cpu cores	: 4
apicid		: 18
initial apicid	: 18
fpu		: yes
fpu_exception	: yes
cpuid level	: 11
wp		: yes
flags		: fpu vme de pse tsc msr pae mce cx8 apic sep mtrr pge mca cmov pat pse36 clflush dts acpi mmx fxsr sse sse2 ss ht tm pbe syscall nx rdtscp lm constant_tsc arch_perfmon pebs bts rep_good nopl xtopology nonstop_tsc aperfmperf pni dtes64 monitor ds_cpl vmx est tm2 ssse3 cx16 xtpr pdcm dca sse4_1 sse4_2 popcnt lahf_lm ida dtherm tpr_shadow vnmi flexpriority ept vpid
bogomips	: 4800.06
clflush size	: 64
cache_alignment	: 64
address sizes	: 40 bits physical, 48 bits virtual
power management:

processor	: 6
vendor_id	: GenuineIntel
cpu family	: 6
model		: 26
model name	: Intel(R) Xeon(R) CPU           E5530  @ 2.40GHz
stepping	: 5
microcode	: 0x16
cpu MHz		: 1600.000
cache size	: 8192 KB
physical id	: 0
siblings	: 8
core id		: 3
cpu cores	: 4
apicid		: 6
initial apicid	: 6
fpu		: yes
fpu_exception	: yes
cpuid level	: 11
wp		: yes
flags		: fpu vme de pse tsc msr pae mce cx8 apic sep mtrr pge mca cmov pat pse36 clflush dts acpi mmx fxsr sse sse2 ss ht tm pbe syscall nx rdtscp lm constant_tsc arch_perfmon pebs bts rep_good nopl xtopology nonstop_tsc aperfmperf pni dtes64 monitor ds_cpl vmx est tm2 ssse3 cx16 xtpr pdcm dca sse4_1 sse4_2 popcnt lahf_lm ida dtherm tpr_shadow vnmi flexpriority ept vpid
bogomips	: 4800.64
clflush size	: 64
cache_alignment	: 64
address sizes	: 40 bits physical, 48 bits virtual
power management:

processor	: 7
vendor_id	: GenuineIntel
cpu family	: 6
model		: 26
model name	: Intel(R) Xeon(R) CPU           E5530  @ 2.40GHz
stepping	: 5
microcode	: 0x16
cpu MHz		: 1600.000
cache size	: 8192 KB
physical id	: 1
siblings	: 8
core id		: 3
cpu cores	: 4
apicid		: 22
initial apicid	: 22
fpu		: yes
fpu_exception	: yes
cpuid level	: 11
wp		: yes
flags		: fpu vme de pse tsc msr pae mce cx8 apic sep mtrr pge mca cmov pat pse36 clflush dts acpi mmx fxsr sse sse2 ss ht tm pbe syscall nx rdtscp lm constant_tsc arch_perfmon pebs bts rep_good nopl xtopology nonstop_tsc aperfmperf pni dtes64 monitor ds_cpl vmx est tm2 ssse3 cx16 xtpr pdcm dca sse4_1 sse4_2 popcnt lahf_lm ida dtherm tpr_shadow vnmi flexpriority ept vpid
bogomips	: 4800.06
clflush size	: 64
cache_alignment	: 64
address sizes	: 40 bits physical, 48 bits virtual
power management:

processor	: 8
vendor_id	: GenuineIntel
cpu family	: 6
model		: 26
model name	: Intel(R) Xeon(R) CPU           E5530  @ 2.40GHz
stepping	: 5
microcode	: 0x16
cpu MHz		: 1600.000
cache size	: 8192 KB
physical id	: 0
siblings	: 8
core id		: 0
cpu cores	: 4
apicid		: 1
initial apicid	: 1
fpu		: yes
fpu_exception	: yes
cpuid level	: 11
wp		: yes
flags		: fpu vme de pse tsc msr pae mce cx8 apic sep mtrr pge mca cmov pat pse36 clflush dts acpi mmx fxsr sse sse2 ss ht tm pbe syscall nx rdtscp lm constant_tsc arch_perfmon pebs bts rep_good nopl xtopology nonstop_tsc aperfmperf pni dtes64 monitor ds_cpl vmx est tm2 ssse3 cx16 xtpr pdcm dca sse4_1 sse4_2 popcnt lahf_lm ida dtherm tpr_shadow vnmi flexpriority ept vpid
bogomips	: 4800.64
clflush size	: 64
cache_alignment	: 64
address sizes	: 40 bits physical, 48 bits virtual
power management:

processor	: 9
vendor_id	: GenuineIntel
cpu family	: 6
model		: 26
model name	: Intel(R) Xeon(R) CPU           E5530  @ 2.40GHz
stepping	: 5
microcode	: 0x16
cpu MHz		: 1600.000
cache size	: 8192 KB
physical id	: 1
siblings	: 8
core id		: 0
cpu cores	: 4
apicid		: 17
initial apicid	: 17
fpu		: yes
fpu_exception	: yes
cpuid level	: 11
wp		: yes
flags		: fpu vme de pse tsc msr pae mce cx8 apic sep mtrr pge mca cmov pat pse36 clflush dts acpi mmx fxsr sse sse2 ss ht tm pbe syscall nx rdtscp lm constant_tsc arch_perfmon pebs bts rep_good nopl xtopology nonstop_tsc aperfmperf pni dtes64 monitor ds_cpl vmx est tm2 ssse3 cx16 xtpr pdcm dca sse4_1 sse4_2 popcnt lahf_lm ida dtherm tpr_shadow vnmi flexpriority ept vpid
bogomips	: 4800.06
clflush size	: 64
cache_alignment	: 64
address sizes	: 40 bits physical, 48 bits virtual
power management:

processor	: 10
vendor_id	: GenuineIntel
cpu family	: 6
model		: 26
model name	: Intel(R) Xeon(R) CPU           E5530  @ 2.40GHz
stepping	: 5
microcode	: 0x16
cpu MHz		: 1600.000
cache size	: 8192 KB
physical id	: 0
siblings	: 8
core id		: 2
cpu cores	: 4
apicid		: 5
initial apicid	: 5
fpu		: yes
fpu_exception	: yes
cpuid level	: 11
wp		: yes
flags		: fpu vme de pse tsc msr pae mce cx8 apic sep mtrr pge mca cmov pat pse36 clflush dts acpi mmx fxsr sse sse2 ss ht tm pbe syscall nx rdtscp lm constant_tsc arch_perfmon pebs bts rep_good nopl xtopology nonstop_tsc aperfmperf pni dtes64 monitor ds_cpl vmx est tm2 ssse3 cx16 xtpr pdcm dca sse4_1 sse4_2 popcnt lahf_lm ida dtherm tpr_shadow vnmi flexpriority ept vpid
bogomips	: 4800.64
clflush size	: 64
cache_alignment	: 64
address sizes	: 40 bits physical, 48 bits virtual
power management:

processor	: 11
vendor_id	: GenuineIntel
cpu family	: 6
model		: 26
model name	: Intel(R) Xeon(R) CPU           E5530  @ 2.40GHz
stepping	: 5
microcode	: 0x16
cpu MHz		: 1600.000
cache size	: 8192 KB
physical id	: 1
siblings	: 8
core id		: 2
cpu cores	: 4
apicid		: 21
initial apicid	: 21
fpu		: yes
fpu_exception	: yes
cpuid level	: 11
wp		: yes
flags		: fpu vme de pse tsc msr pae mce cx8 apic sep mtrr pge mca cmov pat pse36 clflush dts acpi mmx fxsr sse sse2 ss ht tm pbe syscall nx rdtscp lm constant_tsc arch_perfmon pebs bts rep_good nopl xtopology nonstop_tsc aperfmperf pni dtes64 monitor ds_cpl vmx est tm2 ssse3 cx16 xtpr pdcm dca sse4_1 sse4_2 popcnt lahf_lm ida dtherm tpr_shadow vnmi flexpriority ept vpid
bogomips	: 4800.06
clflush size	: 64
cache_alignment	: 64
address sizes	: 40 bits physical, 48 bits virtual
power management:

processor	: 12
vendor_id	: GenuineIntel
cpu family	: 6
model		: 26
model name	: Intel(R) Xeon(R) CPU           E5530  @ 2.40GHz
stepping	: 5
microcode	: 0x16
cpu MHz		: 1600.000
cache size	: 8192 KB
physical id	: 0
siblings	: 8
core id		: 1
cpu cores	: 4
apicid		: 3
initial apicid	: 3
fpu		: yes
fpu_exception	: yes
cpuid level	: 11
wp		: yes
flags		: fpu vme de pse tsc msr pae mce cx8 apic sep mtrr pge mca cmov pat pse36 clflush dts acpi mmx fxsr sse sse2 ss ht tm pbe syscall nx rdtscp lm constant_tsc arch_perfmon pebs bts rep_good nopl xtopology nonstop_tsc aperfmperf pni dtes64 monitor ds_cpl vmx est tm2 ssse3 cx16 xtpr pdcm dca sse4_1 sse4_2 popcnt lahf_lm ida dtherm tpr_shadow vnmi flexpriority ept vpid
bogomips	: 4800.64
clflush size	: 64
cache_alignment	: 64
address sizes	: 40 bits physical, 48 bits virtual
power management:

processor	: 13
vendor_id	: GenuineIntel
cpu family	: 6
model		: 26
model name	: Intel(R) Xeon(R) CPU           E5530  @ 2.40GHz
stepping	: 5
microcode	: 0x16
cpu MHz		: 1600.000
cache size	: 8192 KB
physical id	: 1
siblings	: 8
core id		: 1
cpu cores	: 4
apicid		: 19
initial apicid	: 19
fpu		: yes
fpu_exception	: yes
cpuid level	: 11
wp		: yes
flags		: fpu vme de pse tsc msr pae mce cx8 apic sep mtrr pge mca cmov pat pse36 clflush dts acpi mmx fxsr sse sse2 ss ht tm pbe syscall nx rdtscp lm constant_tsc arch_perfmon pebs bts rep_good nopl xtopology nonstop_tsc aperfmperf pni dtes64 monitor ds_cpl vmx est tm2 ssse3 cx16 xtpr pdcm dca sse4_1 sse4_2 popcnt lahf_lm ida dtherm tpr_shadow vnmi flexpriority ept vpid
bogomips	: 4800.06
clflush size	: 64
cache_alignment	: 64
address sizes	: 40 bits physical, 48 bits virtual
power management:

processor	: 14
vendor_id	: GenuineIntel
cpu family	: 6
model		: 26
model name	: Intel(R) Xeon(R) CPU           E5530  @ 2.40GHz
stepping	: 5
microcode	: 0x16
cpu MHz		: 1600.000
cache size	: 8192 KB
physical id	: 0
siblings	: 8
core id		: 3
cpu cores	: 4
apicid		: 7
initial apicid	: 7
fpu		: yes
fpu_exception	: yes
cpuid level	: 11
wp		: yes
flags		: fpu vme de pse tsc msr pae mce cx8 apic sep mtrr pge mca cmov pat pse36 clflush dts acpi mmx fxsr sse sse2 ss ht tm pbe syscall nx rdtscp lm constant_tsc arch_perfmon pebs bts rep_good nopl xtopology nonstop_tsc aperfmperf pni dtes64 monitor ds_cpl vmx est tm2 ssse3 cx16 xtpr pdcm dca sse4_1 sse4_2 popcnt lahf_lm ida dtherm tpr_shadow vnmi flexpriority ept vpid
bogomips	: 4800.64
clflush size	: 64
cache_alignment	: 64
address sizes	: 40 bits physical, 48 bits virtual
power management:

processor	: 15
vendor_id	: GenuineIntel
cpu family	: 6
model		: 26
model name	: Intel(R) Xeon(R) CPU           E5530  @ 2.40GHz
stepping	: 5
microcode	: 0x16
cpu MHz		: 1600.000
cache size	: 8192 KB
physical id	: 1
siblings	: 8
core id		: 3
cpu cores	: 4
apicid		: 23
initial apicid	: 23
fpu		: yes
fpu_exception	: yes
cpuid level	: 11
wp		: yes
flags		: fpu vme de pse tsc msr pae mce cx8 apic sep mtrr pge mca cmov pat pse36 clflush dts acpi mmx fxsr sse sse2 ss ht tm pbe syscall nx rdtscp lm constant_tsc arch_perfmon pebs bts rep_good nopl xtopology nonstop_tsc aperfmperf pni dtes64 monitor ds_cpl vmx est tm2 ssse3 cx16 xtpr pdcm dca sse4_1 sse4_2 popcnt lahf_lm ida dtherm tpr_shadow vnmi flexpriority ept vpid
bogomips	: 4800.06
clflush size	: 64
cache_alignment	: 64
address sizes	: 40 bits physical, 48 bits virtual
power management:

</pre></samp>
</p>
<a class="anchor" aria-hidden="true" id="system_lspci"></a> <h2><small><a href="#system_lspci">#</a></small>lspci</h2>
<p class="cmd">
<kbd>lspci</kbd>
<br />
<samp><pre>00:00.0 Host bridge: Intel Corporation 5520 I/O Hub to ESI Port (rev 13)
00:01.0 PCI bridge: Intel Corporation 5520/5500/X58 I/O Hub PCI Express Root Port 1 (rev 13)
00:02.0 PCI bridge: Intel Corporation 5520/5500/X58 I/O Hub PCI Express Root Port 2 (rev 13)
00:03.0 PCI bridge: Intel Corporation 5520/5500/X58 I/O Hub PCI Express Root Port 3 (rev 13)
00:04.0 PCI bridge: Intel Corporation 5520/X58 I/O Hub PCI Express Root Port 4 (rev 13)
00:05.0 PCI bridge: Intel Corporation 5520/X58 I/O Hub PCI Express Root Port 5 (rev 13)
00:06.0 PCI bridge: Intel Corporation 5520/X58 I/O Hub PCI Express Root Port 6 (rev 13)
00:07.0 PCI bridge: Intel Corporation 5520/5500/X58 I/O Hub PCI Express Root Port 7 (rev 13)
00:08.0 PCI bridge: Intel Corporation 5520/5500/X58 I/O Hub PCI Express Root Port 8 (rev 13)
00:09.0 PCI bridge: Intel Corporation 7500/5520/5500/X58 I/O Hub PCI Express Root Port 9 (rev 13)
00:0a.0 PCI bridge: Intel Corporation 7500/5520/5500/X58 I/O Hub PCI Express Root Port 10 (rev 13)
00:0d.0 Host bridge: Intel Corporation Device 343a (rev 13)
00:0d.1 Host bridge: Intel Corporation Device 343b (rev 13)
00:0d.2 Host bridge: Intel Corporation Device 343c (rev 13)
00:0d.3 Host bridge: Intel Corporation Device 343d (rev 13)
00:0d.4 Host bridge: Intel Corporation 7500/5520/5500/X58 Physical Layer Port 0 (rev 13)
00:0d.5 Host bridge: Intel Corporation 7500/5520/5500 Physical Layer Port 1 (rev 13)
00:0d.6 Host bridge: Intel Corporation Device 341a (rev 13)
00:0e.0 Host bridge: Intel Corporation Device 341c (rev 13)
00:0e.1 Host bridge: Intel Corporation Device 341d (rev 13)
00:0e.2 Host bridge: Intel Corporation Device 341e (rev 13)
00:0e.3 Host bridge: Intel Corporation Device 341f (rev 13)
00:0e.4 Host bridge: Intel Corporation Device 3439 (rev 13)
00:14.0 PIC: Intel Corporation 7500/5520/5500/X58 I/O Hub System Management Registers (rev 13)
00:14.1 PIC: Intel Corporation 7500/5520/5500/X58 I/O Hub GPIO and Scratch Pad Registers (rev 13)
00:14.2 PIC: Intel Corporation 7500/5520/5500/X58 I/O Hub Control Status and RAS Registers (rev 13)
00:1c.0 PCI bridge: Intel Corporation 82801JI (ICH10 Family) PCI Express Root Port 1
00:1c.2 PCI bridge: Intel Corporation 82801JI (ICH10 Family) PCI Express Root Port 3
00:1d.0 USB controller: Intel Corporation 82801JI (ICH10 Family) USB UHCI Controller #1
00:1d.1 USB controller: Intel Corporation 82801JI (ICH10 Family) USB UHCI Controller #2
00:1d.2 USB controller: Intel Corporation 82801JI (ICH10 Family) USB UHCI Controller #3
00:1d.3 USB controller: Intel Corporation 82801JI (ICH10 Family) USB UHCI Controller #6
00:1d.7 USB controller: Intel Corporation 82801JI (ICH10 Family) USB2 EHCI Controller #1
00:1e.0 PCI bridge: Intel Corporation 82801 PCI Bridge (rev 90)
00:1f.0 ISA bridge: Intel Corporation 82801JIB (ICH10) LPC Interface Controller
01:03.0 VGA compatible controller: Advanced Micro Devices, Inc. [AMD/ATI] ES1000 (rev 02)
01:04.0 System peripheral: Compaq Computer Corporation Integrated Lights Out Controller (rev 03)
01:04.2 System peripheral: Compaq Computer Corporation Integrated Lights Out  Processor (rev 03)
01:04.4 USB controller: Hewlett-Packard Company Integrated Lights-Out Standard Virtual USB Controller
01:04.6 IPMI SMIC interface: Hewlett-Packard Company Integrated Lights-Out Standard KCS Interface
02:00.0 Ethernet controller: Broadcom Corporation NetXtreme II BCM5709 Gigabit Ethernet (rev 20)
02:00.1 Ethernet controller: Broadcom Corporation NetXtreme II BCM5709 Gigabit Ethernet (rev 20)
03:00.0 Ethernet controller: Broadcom Corporation NetXtreme II BCM5709 Gigabit Ethernet (rev 20)
03:00.1 Ethernet controller: Broadcom Corporation NetXtreme II BCM5709 Gigabit Ethernet (rev 20)
04:00.0 RAID bus controller: Hewlett-Packard Company Smart Array G6 controllers (rev 01)
0a:00.0 Ethernet controller: Intel Corporation 82571EB Gigabit Ethernet Controller (rev 06)
0a:00.1 Ethernet controller: Intel Corporation 82571EB Gigabit Ethernet Controller (rev 06)
3e:00.0 Host bridge: Intel Corporation Xeon 5500/Core i7 QuickPath Architecture Generic Non-Core Registers (rev 05)
3e:00.1 Host bridge: Intel Corporation Xeon 5500/Core i7 QuickPath Architecture System Address Decoder (rev 05)
3e:02.0 Host bridge: Intel Corporation Xeon 5500/Core i7 QPI Link 0 (rev 05)
3e:02.1 Host bridge: Intel Corporation Xeon 5500/Core i7 QPI Physical 0 (rev 05)
3e:02.4 Host bridge: Intel Corporation Xeon 5500/Core i7 QPI Link 1 (rev 05)
3e:02.5 Host bridge: Intel Corporation Xeon 5500/Core i7 QPI Physical 1 (rev 05)
3e:03.0 Host bridge: Intel Corporation Xeon 5500/Core i7 Integrated Memory Controller (rev 05)
3e:03.1 Host bridge: Intel Corporation Xeon 5500/Core i7 Integrated Memory Controller Target Address Decoder (rev 05)
3e:03.2 Host bridge: Intel Corporation Xeon 5500/Core i7 Integrated Memory Controller RAS Registers (rev 05)
3e:03.4 Host bridge: Intel Corporation Xeon 5500/Core i7 Integrated Memory Controller Test Registers (rev 05)
3e:04.0 Host bridge: Intel Corporation Xeon 5500/Core i7 Integrated Memory Controller Channel 0 Control Registers (rev 05)
3e:04.1 Host bridge: Intel Corporation Xeon 5500/Core i7 Integrated Memory Controller Channel 0 Address Registers (rev 05)
3e:04.2 Host bridge: Intel Corporation Xeon 5500/Core i7 Integrated Memory Controller Channel 0 Rank Registers (rev 05)
3e:04.3 Host bridge: Intel Corporation Xeon 5500/Core i7 Integrated Memory Controller Channel 0 Thermal Control Registers (rev 05)
3e:05.0 Host bridge: Intel Corporation Xeon 5500/Core i7 Integrated Memory Controller Channel 1 Control Registers (rev 05)
3e:05.1 Host bridge: Intel Corporation Xeon 5500/Core i7 Integrated Memory Controller Channel 1 Address Registers (rev 05)
3e:05.2 Host bridge: Intel Corporation Xeon 5500/Core i7 Integrated Memory Controller Channel 1 Rank Registers (rev 05)
3e:05.3 Host bridge: Intel Corporation Xeon 5500/Core i7 Integrated Memory Controller Channel 1 Thermal Control Registers (rev 05)
