<!DOCTYPE html>
<html lang="en">
<head>
<title>Benchmark ZFS Benchmark</title>

<!-- Latest compiled and minified CSS -->
<link rel="stylesheet" href="https://maxcdn.bootstrapcdn.com/bootstrap/3.3.6/css/bootstrap.min.css" integrity="sha384-1q8mTJOASx8j1Au+a5WDVnPi2lkFfwwEAa8hDDdjZlpLegxhjVME1fgjWPGmkzs7" crossorigin="anonymous">

<!-- Optional theme -->
<link rel="stylesheet" href="https://maxcdn.bootstrapcdn.com/bootstrap/3.3.6/css/bootstrap-theme.min.css" integrity="sha384-fLW2N01lMqjakBkx3l/M9EahuwpSfeNvV63J5ezn3uZzapT0u7EYsXMjQV+0En5r" crossorigin="anonymous">
<style> body { padding-top: 70px; }; .center {text-align:center;} </style>
</head>
<body>
<div class="container">
<div class="row">
<div class="col-md-12">
<h1>ZFS Benchmark</h1>
<h2>Details</h2>
<p class="cmd">
<kbd>date</kbd>
<br />
<samp><pre>Sat Dec 19 17:02:31 CET 2015
</pre></samp>
</p>
<p class="cmd">
<kbd>hostname</kbd>
<br />
<samp><pre>dl380
</pre></samp>
</p>
<p class="cmd">
<kbd>uname -a</kbd>
<br />
<samp><pre>Linux dl380 3.16.0-55-generic #74~14.04.1-Ubuntu SMP Tue Nov 17 10:15:59 UTC 2015 x86_64 x86_64 x86_64 GNU/Linux
</pre></samp>
</p>
<p class="cmd">
<kbd>free -h</kbd>
<br />
<samp><pre>             total       used       free     shared    buffers     cached
Mem:          7.8G       615M       7.2G       884K        16M        68M
-/+ buffers/cache:       529M       7.3G
Swap:         279M         0B       279M
</pre></samp>
</p>
<p class="cmd">
<kbd>fdisk -l | grep Disk</kbd>
<br />
<samp><pre>Disk /dev/sda: 1000.2 GB, 1000171331584 bytes
Disk identifier: 0x00000000
Disk /dev/sdb: 1000.2 GB, 1000171331584 bytes
Disk identifier: 0x00000000
Disk /dev/sdc: 256.0 GB, 256022937600 bytes
Disk identifier: 0x00000000
Disk /dev/sdd: 250.0 GB, 250023444480 bytes
Disk identifier: 0x00000000
Disk /dev/sde: 1000.2 GB, 1000171331584 bytes
Disk identifier: 0x00000000
Disk /dev/sdf: 1000.2 GB, 1000171331584 bytes
Disk identifier: 0x00000000
Disk /dev/sdg: 256.0 GB, 256022937600 bytes
Disk identifier: 0x00000000
Disk /dev/sdh: 7948 MB, 7948206080 bytes
Disk identifier: 0x000de753
Disk /dev/mapper/dl380--vg-root: 2428 MB, 2428502016 bytes
Disk identifier: 0x00000000
Disk /dev/mapper/dl380--vg-swap_1: 293 MB, 293601280 bytes
Disk identifier: 0x00000000
Disk /dev/mapper/dl380--vg-home: 4966 MB, 4966055936 bytes
Disk identifier: 0x00000000
</pre></samp>
</p>
<p><a href="sys/system.html">...more</a></p>
<p><kbd>Test Size</kbd><br /><samp>16 GB</samp></p>
<h2>Benchmarks</h2>
<dl>
	<dt><a href="1.1/result.html">1. Benchmark:</a></dt>
	<dd><pre>/sbin/zpool create tank /dev/sda
</pre></dd>
